Component: ARM Compiler 5.06 update 6 (build 750) Tool: armlink [4d35ed]

==============================================================================

Section Cross References

    retarget.o(i._ttywrch) refers to retarget.o(i.sendchar) for sendchar
    retarget.o(i.fgetc) refers to retarget.o(i.getkey) for getkey
    retarget.o(i.fgetc) refers to retarget.o(i.sendchar) for sendchar
    retarget.o(i.fputc) refers to retarget.o(i.sendchar) for sendchar
    retarget.o(i.getkey) refers to uart.o(i.UARTInit) for UARTInit
    retarget.o(i.getkey) refers to uart.o(i.UARTReceiveChar) for UARTReceiveChar
    retarget.o(i.getkey) refers to retarget.o(.data) for uart_init_called
    retarget.o(i.sendchar) refers to uart.o(i.UARTInit) for UARTInit
    retarget.o(i.sendchar) refers to uart.o(i.UARTSendChar) for UARTSendChar
    retarget.o(i.sendchar) refers to retarget.o(.data) for uart_init_called
    uart.o(i.FreeRcv) refers to uart.o(i.Free) for Free
    uart.o(i.FreeRcv) refers to uart.o(.data) for RcvLock0
    uart.o(i.FreeSnd) refers to uart.o(i.Free) for Free
    uart.o(i.FreeSnd) refers to uart.o(.data) for SndLock0
    uart.o(i.LockRcv) refers to uart.o(i.Lock) for Lock
    uart.o(i.LockRcv) refers to uart.o(.data) for RcvLock0
    uart.o(i.LockSnd) refers to uart.o(i.Lock) for Lock
    uart.o(i.LockSnd) refers to uart.o(.data) for SndLock0
    uart.o(i.UART0_IRQHandler) refers to uart.o(.bss) for UART0Buffer
    uart.o(i.UART0_IRQHandler) refers to uart.o(.data) for UART0Count
    uart.o(i.UART1_IRQHandler) refers to uart.o(.bss) for UART1Buffer
    uart.o(i.UART1_IRQHandler) refers to uart.o(.data) for UART1Count
    uart.o(i.UARTInit) refers to uart.o(i.getFrequency) for getFrequency
    uart.o(i.UARTInit) refers to uart.o(i.__NVIC_EnableIRQ) for __NVIC_EnableIRQ
    uart.o(i.UARTInit) refers to uart.o(i.FreeRcv) for FreeRcv
    uart.o(i.UARTInit) refers to uart.o(i.FreeSnd) for FreeSnd
    uart.o(i.UARTRecieve) refers to uart.o(i.LockRcv) for LockRcv
    uart.o(i.UARTRecieve) refers to uart.o(i.FreeRcv) for FreeRcv
    uart.o(i.UARTRecieve) refers to uart.o(.data) for UART0Count
    uart.o(i.UARTRecieve) refers to uart.o(.bss) for UART0Buffer
    uart.o(i.UARTSend) refers to uart.o(i.LockSnd) for LockSnd
    uart.o(i.UARTSend) refers to uart.o(i.FreeSnd) for FreeSnd
    uart.o(i.UARTSend) refers to uart.o(.data) for UART0TxEmpty
    uart.o(i.getFrequency) refers to system_lpc17xx.o(.data) for SystemCoreClock
    final.o(i.main) refers to rtx_kernel.o(.text.osKernelInitialize) for osKernelInitialize
    final.o(i.main) refers to rtx_thread.o(.text.osThreadNew) for osThreadNew
    final.o(i.main) refers to rtx_kernel.o(.text.osKernelStart) for osKernelStart
    final.o(i.main) refers to final.o(i.testCases) for testCases
    final.o(i.startGenerals) refers to rtx_thread.o(.text.osThreadNew) for osThreadNew
    final.o(i.startGenerals) refers to printf3.o(i.__0printf$3) for __2printf
    final.o(i.startGenerals) refers to final.o(.data) for nGeneral
    final.o(i.startGenerals) refers to general.o(i.general) for general
    final.o(i.startGenerals) refers to final.o(.bss) for generals
    final.o(i.stopGenerals) refers to rtx_thread.o(.text.osThreadTerminate) for osThreadTerminate
    final.o(i.stopGenerals) refers to final.o(.bss) for generals
    final.o(i.stopGenerals) refers to final.o(.data) for nGeneral
    final.o(i.testCases) refers to printf3.o(i.__0printf$3) for __2printf
    final.o(i.testCases) refers to general.o(i.setup) for setup
    final.o(i.testCases) refers to final.o(i.startGenerals) for startGenerals
    final.o(i.testCases) refers to general.o(i.broadcast) for broadcast
    final.o(i.testCases) refers to general.o(i.cleanup) for cleanup
    final.o(i.testCases) refers to final.o(i.stopGenerals) for stopGenerals
    final.o(i.testCases) refers to final.o(.data) for tests
    general.o(i.OM) refers to malloc.o(i.malloc) for malloc
    general.o(i.OM) refers to printf3.o(i.__0sprintf$3) for __2sprintf
    general.o(i.OM) refers to general.o(i.replaceChar) for replaceChar
    general.o(i.OM) refers to rtx_mutex.o(.text.osMutexAcquire) for osMutexAcquire
    general.o(i.OM) refers to printf3.o(i.__0printf$3) for __2printf
    general.o(i.OM) refers to rtx_mutex.o(.text.osMutexRelease) for osMutexRelease
    general.o(i.OM) refers to general.o(.data) for visited
    general.o(i.broadcast) refers to malloc.o(i.malloc) for malloc
    general.o(i.broadcast) refers to printf3.o(i.__0sprintf$3) for __2sprintf
    general.o(i.broadcast) refers to printf3.o(i.__0printf$3) for __2printf
    general.o(i.broadcast) refers to rtx_semaphore.o(.text.osSemaphoreRelease) for osSemaphoreRelease
    general.o(i.broadcast) refers to rtx_semaphore.o(.text.osSemaphoreGetCount) for osSemaphoreGetCount
    general.o(i.broadcast) refers to general.o(.data) for visited
    general.o(i.cleanup) refers to malloc.o(i.free) for free
[...]
    Removing rtx_mempool.o(.text.osMemoryPoolNew), (36 bytes).
    Removing rtx_mempool.o(.ARM.exidx.text.osMemoryPoolNew), (8 bytes).
    Removing rtx_mempool.o(.text.osMemoryPoolGetName), (36 bytes).
    Removing rtx_mempool.o(.ARM.exidx.text.osMemoryPoolGetName), (8 bytes).
    Removing rtx_mempool.o(.text.osMemoryPoolAlloc), (104 bytes).
    Removing rtx_mempool.o(.ARM.exidx.text.osMemoryPoolAlloc), (8 bytes).
    Removing rtx_mempool.o(.text.osMemoryPoolFree), (72 bytes).
    Removing rtx_mempool.o(.ARM.exidx.text.osMemoryPoolFree), (8 bytes).
    Removing rtx_mempool.o(.text.osMemoryPoolGetCapacity), (48 bytes).
    Removing rtx_mempool.o(.ARM.exidx.text.osMemoryPoolGetCapacity), (8 bytes).
    Removing rtx_mempool.o(.text.svcRtxMemoryPoolGetCapacity), (16 bytes).
    Removing rtx_mempool.o(.ARM.exidx.text.svcRtxMemoryPoolGetCapacity), (8 bytes).
    Removing rtx_mempool.o(.text.osMemoryPoolGetBlockSize), (48 bytes).
    Removing rtx_mempool.o(.ARM.exidx.text.osMemoryPoolGetBlockSize), (8 bytes).
    Removing rtx_mempool.o(.text.svcRtxMemoryPoolGetBlockSize), (16 bytes).
    Removing rtx_mempool.o(.ARM.exidx.text.svcRtxMemoryPoolGetBlockSize), (8 bytes).
    Removing rtx_mempool.o(.text.osMemoryPoolGetCount), (48 bytes).
    Removing rtx_mempool.o(.ARM.exidx.text.osMemoryPoolGetCount), (8 bytes).
    Removing rtx_mempool.o(.text.svcRtxMemoryPoolGetCount), (16 bytes).
    Removing rtx_mempool.o(.ARM.exidx.text.svcRtxMemoryPoolGetCount), (8 bytes).
    Removing rtx_mempool.o(.text.osMemoryPoolGetSpace), (36 bytes).
    Removing rtx_mempool.o(.ARM.exidx.text.osMemoryPoolGetSpace), (8 bytes).
    Removing rtx_mempool.o(.text.svcRtxMemoryPoolGetSpace), (20 bytes).
    Removing rtx_mempool.o(.ARM.exidx.text.svcRtxMemoryPoolGetSpace), (8 bytes).
    Removing rtx_mempool.o(.text.osMemoryPoolDelete), (36 bytes).
    Removing rtx_mempool.o(.ARM.exidx.text.osMemoryPoolDelete), (8 bytes).
    Removing rtx_mempool.o(.text.svcRtxMemoryPoolNew), (332 bytes).
    Removing rtx_mempool.o(.ARM.exidx.text.svcRtxMemoryPoolNew), (8 bytes).
    Removing rtx_mempool.o(.text.osRtxMemoryPoolPostProcess), (72 bytes).
    Removing rtx_mempool.o(.ARM.exidx.text.osRtxMemoryPoolPostProcess), (8 bytes).
    Removing rtx_mempool.o(.text.svcRtxMemoryPoolGetName), (16 bytes).
    Removing rtx_mempool.o(.ARM.exidx.text.svcRtxMemoryPoolGetName), (8 bytes).
    Removing rtx_mempool.o(.text.svcRtxMemoryPoolAlloc), (92 bytes).
    Removing rtx_mempool.o(.ARM.exidx.text.svcRtxMemoryPoolAlloc), (8 bytes).
    Removing rtx_mempool.o(.text.svcRtxMemoryPoolFree), (100 bytes).
    Removing rtx_mempool.o(.ARM.exidx.text.svcRtxMemoryPoolFree), (8 bytes).
    Removing rtx_mempool.o(.text.svcRtxMemoryPoolDelete), (108 bytes).
    Removing rtx_mempool.o(.ARM.exidx.text.svcRtxMemoryPoolDelete), (8 bytes).
    Removing rtx_system.o(.text), (0 bytes).
    Removing rtx_system.o(.ARM.exidx.text.osRtxTick_Handler), (8 bytes).
    Removing rtx_system.o(.ARM.exidx.text.osRtxPendSV_Handler), (8 bytes).
    Removing rtx_system.o(.ARM.exidx.text.osRtxPostProcess), (8 bytes).
    Removing os_systick.o(.text), (0 bytes).
    Removing os_systick.o(.ARM.exidx.text.OS_Tick_Setup), (8 bytes).
    Removing os_systick.o(.ARM.exidx.text.OS_Tick_Enable), (8 bytes).
    Removing os_systick.o(.text.OS_Tick_Disable), (48 bytes).
    Removing os_systick.o(.ARM.exidx.text.OS_Tick_Disable), (8 bytes).
    Removing os_systick.o(.ARM.exidx.text.OS_Tick_AcknowledgeIRQ), (8 bytes).
    Removing os_systick.o(.ARM.exidx.text.OS_Tick_GetIRQn), (8 bytes).
    Removing os_systick.o(.text.OS_Tick_GetClock), (12 bytes).
    Removing os_systick.o(.ARM.exidx.text.OS_Tick_GetClock), (8 bytes).
    Removing os_systick.o(.text.OS_Tick_GetInterval), (12 bytes).
    Removing os_systick.o(.ARM.exidx.text.OS_Tick_GetInterval), (8 bytes).
    Removing os_systick.o(.text.OS_Tick_GetCount), (16 bytes).
    Removing os_systick.o(.ARM.exidx.text.OS_Tick_GetCount), (8 bytes).
    Removing os_systick.o(.text.OS_Tick_GetOverflow), (16 bytes).
    Removing os_systick.o(.ARM.exidx.text.OS_Tick_GetOverflow), (8 bytes).
    Removing rtx_msgqueue.o(.text), (0 bytes).
    Removing rtx_msgqueue.o(.ARM.exidx.text.osMessageQueueNew), (8 bytes).
    Removing rtx_msgqueue.o(.text.osMessageQueueGetName), (36 bytes).
    Removing rtx_msgqueue.o(.ARM.exidx.text.osMessageQueueGetName), (8 bytes).
    Removing rtx_msgqueue.o(.ARM.exidx.text.osMessageQueuePut), (8 bytes).
    Removing rtx_msgqueue.o(.ARM.exidx.text.osMessageQueueGet), (8 bytes).
    Removing rtx_msgqueue.o(.text.osMessageQueueGetCapacity), (48 bytes).
    Removing rtx_msgqueue.o(.ARM.exidx.text.osMessageQueueGetCapacity), (8 bytes).
    Removing rtx_msgqueue.o(.text.svcRtxMessageQueueGetCapacity), (16 bytes).
    Removing rtx_msgqueue.o(.ARM.exidx.text.svcRtxMessageQueueGetCapacity), (8 bytes).
    Removing rtx_msgqueue.o(.text.osMessageQueueGetMsgSize), (48 bytes).
    Removing rtx_msgqueue.o(.ARM.exidx.text.osMessageQueueGetMsgSize), (8 bytes).
    Removing rtx_msgqueue.o(.text.svcRtxMessageQueueGetMsgSize), (16 bytes).
    Removing rtx_msgqueue.o(.ARM.exidx.text.svcRtxMessageQueueGetMsgSize), (8 bytes).
    Removing rtx_msgqueue.o(.text.osMessageQueueGetCount), (48 bytes).
    Removing rtx_msgqueue.o(.ARM.exidx.text.osMessageQueueGetCount), (8 bytes).
    Removing rtx_msgqueue.o(.text.svcRtxMessageQueueGetCount), (16 bytes).
    Removing rtx_msgqueue.o(.ARM.exidx.text.svcRtxMessageQueueGetCount), (8 bytes).
    Removing rtx_msgqueue.o(.text.osMessageQueueGetSpace), (36 bytes).
    Removing rtx_msgqueue.o(.ARM.exidx.text.osMessageQueueGetSpace), (8 bytes).
    Removing rtx_msgqueue.o(.text.svcRtxMessageQueueGetSpace), (20 bytes).
    Removing rtx_msgqueue.o(.ARM.exidx.text.svcRtxMessageQueueGetSpace), (8 bytes).
    Removing rtx_msgqueue.o(.text.osMessageQueueReset), (36 bytes).
    Removing rtx_msgqueue.o(.ARM.exidx.text.osMessageQueueReset), (8 bytes).
    Removing rtx_msgqueue.o(.text.osMessageQueueDelete), (36 bytes).
    Removing rtx_msgqueue.o(.ARM.exidx.text.osMessageQueueDelete), (8 bytes).
    Removing rtx_msgqueue.o(.ARM.exidx.text.svcRtxMessageQueueNew), (8 bytes).
    Removing rtx_msgqueue.o(.ARM.exidx.text.osRtxMessageQueuePostProcess), (8 bytes).
    Removing rtx_msgqueue.o(.ARM.exidx.text.MessageQueueRemove), (8 bytes).
    Removing rtx_msgqueue.o(.ARM.exidx.text.MessageQueuePut), (8 bytes).
    Removing rtx_msgqueue.o(.text.svcRtxMessageQueueGetName), (16 bytes).
    Removing rtx_msgqueue.o(.ARM.exidx.text.svcRtxMessageQueueGetName), (8 bytes).
    Removing rtx_msgqueue.o(.ARM.exidx.text.svcRtxMessageQueuePut), (8 bytes).
    Removing rtx_msgqueue.o(.ARM.exidx.text.MessageQueueGet), (8 bytes).
    Removing rtx_msgqueue.o(.ARM.exidx.text.svcRtxMessageQueueGet), (8 bytes).
    Removing rtx_msgqueue.o(.text.svcRtxMessageQueueReset), (174 bytes).
    Removing rtx_msgqueue.o(.ARM.exidx.text.svcRtxMessageQueueReset), (8 bytes).
    Removing rtx_msgqueue.o(.text.svcRtxMessageQueueDelete), (112 bytes).
    Removing rtx_msgqueue.o(.ARM.exidx.text.svcRtxMessageQueueDelete), (8 bytes).
    Removing dadd.o(.text), (334 bytes).
    Removing dmul.o(.text), (228 bytes).
    Removing ddiv.o(.text), (222 bytes).
    Removing dfixul.o(.text), (48 bytes).
    Removing cdrcmple.o(.text), (48 bytes).
    Removing depilogue.o(.text), (186 bytes).

350 unused section(s) (total 9051 bytes) removed from the image.

==============================================================================

Image Symbol Table

    Local Symbols

    Symbol Name                              Value     Ov Type        Size  Object(Section)

    RESET                                    0x00000000   Section      204  startup_lpc17xx.o(RESET)
    ../clib/../cmprslib/zerorunl2.c          0x00000000   Number         0  __dczerorl2.o ABSOLUTE
    ../clib/microlib/division.c              0x00000000   Number         0  uidiv.o ABSOLUTE
    ../clib/microlib/division.c              0x00000000   Number         0  uldiv.o ABSOLUTE
    ../clib/microlib/init/entry.s            0x00000000   Number         0  entry5.o ABSOLUTE
    ../clib/microlib/init/entry.s            0x00000000   Number         0  entry8b.o ABSOLUTE
    ../clib/microlib/init/entry.s            0x00000000   Number         0  entry9b.o ABSOLUTE
    ../clib/microlib/init/entry.s            0x00000000   Number         0  entry10a.o ABSOLUTE
    ../clib/microlib/init/entry.s            0x00000000   Number         0  entry10b.o ABSOLUTE
    ../clib/microlib/init/entry.s            0x00000000   Number         0  entry2.o ABSOLUTE
    ../clib/microlib/init/entry.s            0x00000000   Number         0  entry8a.o ABSOLUTE
    ../clib/microlib/init/entry.s            0x00000000   Number         0  entry11a.o ABSOLUTE
    ../clib/microlib/init/entry.s            0x00000000   Number         0  entry9a.o ABSOLUTE
    ../clib/microlib/init/entry.s            0x00000000   Number         0  entry.o ABSOLUTE
    ../clib/microlib/init/entry.s            0x00000000   Number         0  entry11b.o ABSOLUTE
    ../clib/microlib/init/entry.s            0x00000000   Number         0  entry7b.o ABSOLUTE
    ../clib/microlib/init/entry.s            0x00000000   Number         0  entry7a.o ABSOLUTE
    ../clib/microlib/longlong.c              0x00000000   Number         0  llsshr.o ABSOLUTE
    ../clib/microlib/longlong.c              0x00000000   Number         0  llushr.o ABSOLUTE
    ../clib/microlib/longlong.c              0x00000000   Number         0  llshl.o ABSOLUTE
    ../clib/microlib/malloc/malloc.c         0x00000000   Number         0  mallocra.o ABSOLUTE
    ../clib/microlib/malloc/malloc.c         0x00000000   Number         0  malloca.o ABSOLUTE
    ../clib/microlib/malloc/malloc.c         0x00000000   Number         0  mallocr.o ABSOLUTE
    ../clib/microlib/malloc/malloc.c         0x00000000   Number         0  malloc.o ABSOLUTE
    ../clib/microlib/malloc/mvars.c          0x00000000   Number         0  mvars.o ABSOLUTE
    ../clib/microlib/printf/printf.c         0x00000000   Number         0  printfb.o ABSOLUTE
    ../clib/microlib/printf/printf.c         0x00000000   Number         0  printf4.o ABSOLUTE
    ../clib/microlib/printf/printf.c         0x00000000   Number         0  printf5.o ABSOLUTE
    ../clib/microlib/printf/printf.c         0x00000000   Number         0  printf7.o ABSOLUTE
    ../clib/microlib/printf/printf.c         0x00000000   Number         0  printf8.o ABSOLUTE
    ../clib/microlib/printf/printf.c         0x00000000   Number         0  printfa.o ABSOLUTE
    ../clib/microlib/printf/printf.c         0x00000000   Number         0  printf6.o ABSOLUTE
    ../clib/microlib/printf/printf.c         0x00000000   Number         0  printf2.o ABSOLUTE
    ../clib/microlib/printf/printf.c         0x00000000   Number         0  printf1.o ABSOLUTE
    ../clib/microlib/printf/printf.c         0x00000000   Number         0  printf0.o ABSOLUTE
    ../clib/microlib/printf/printf.c         0x00000000   Number         0  printf3.o ABSOLUTE
    ../clib/microlib/printf/stubs.s          0x00000000   Number         0  stubs.o ABSOLUTE
    ../clib/microlib/string/memcpy.c         0x00000000   Number         0  memcpyb.o ABSOLUTE
    ../clib/microlib/string/memcpy.c         0x00000000   Number         0  memcpya.o ABSOLUTE
    ../clib/microlib/string/memset.c         0x00000000   Number         0  memseta.o ABSOLUTE
    ../clib/microlib/stubs.s                 0x00000000   Number         0  iusefp.o ABSOLUTE
    ../fplib/microlib/fpadd.c                0x00000000   Number         0  dadd.o ABSOLUTE
    ../fplib/microlib/fpdiv.c                0x00000000   Number         0  ddiv.o ABSOLUTE
    ../fplib/microlib/fpepilogue.c           0x00000000   Number         0  depilogue.o ABSOLUTE
    ../fplib/microlib/fpfix.c                0x00000000   Number         0  dfixul.o ABSOLUTE
    ../fplib/microlib/fpmul.c                0x00000000   Number         0  dmul.o ABSOLUTE
    ..\..\..\Source\ARM\irq_cm3.s            0x00000000   Number         0  irq_cm3.o ABSOLUTE
    C:\Users\Manthan\AppData\Local\Arm\Packs\ARM\CMSIS\5.6.0\CMSIS\RTOS2\RTX\Source\rtx_lib.c 0x00000000   Number         0  rtx_lib.o ABSOLUTE
    C:\\Users\\Manthan\\AppData\\Local\\Arm\\Packs\\ARM\\CMSIS\\5.6.0\\CMSIS\\RTOS2\\RTX\\Source\\rtx_lib.c 0x00000000   Number         0  rtx_lib.o ABSOLUTE
    RTE\CMSIS\RTX_Config.c                   0x00000000   Number         0  rtx_config.o ABSOLUTE
    RTE\Device\LPC1768\startup_LPC17xx.s     0x00000000   Number         0  startup_lpc17xx.o ABSOLUTE
    RTE\Device\LPC1768\system_LPC17xx.c      0x00000000   Number         0  system_lpc17xx.o ABSOLUTE
    RTE\\CMSIS\\RTX_Config.c                 0x00000000   Number         0  rtx_config.o ABSOLUTE
    RTE\\Device\\LPC1768\\system_LPC17xx.c   0x00000000   Number         0  system_lpc17xx.o ABSOLUTE
    cdrcmple.s                               0x00000000   Number         0  cdrcmple.o ABSOLUTE
    dc.s                                     0x00000000   Number         0  dc.o ABSOLUTE
    final.c                                  0x00000000   Number         0  final.o ABSOLUTE
    general.c                                0x00000000   Number         0  general.o ABSOLUTE
    handlers.s                               0x00000000   Number         0  handlers.o ABSOLUTE
    init.s                                   0x00000000   Number         0  init.o ABSOLUTE
    os_systick.c                             0x00000000   Number         0  os_systick.o ABSOLUTE
    rtx_kernel.c                             0x00000000   Number         0  rtx_kernel.o ABSOLUTE
    rtx_memory.c                             0x00000000   Number         0  rtx_memory.o ABSOLUTE
    rtx_mempool.c                            0x00000000   Number         0  rtx_mempool.o ABSOLUTE
    rtx_msgqueue.c                           0x00000000   Number         0  rtx_msgqueue.o ABSOLUTE
    rtx_mutex.c                              0x00000000   Number         0  rtx_mutex.o ABSOLUTE
    rtx_semaphore.c                          0x00000000   Number         0  rtx_semaphore.o ABSOLUTE
    rtx_system.c                             0x00000000   Number         0  rtx_system.o ABSOLUTE
    rtx_thread.c                             0x00000000   Number         0  rtx_thread.o ABSOLUTE
    rtx_timer.c                              0x00000000   Number         0  rtx_timer.o ABSOLUTE
    util\Retarget.c                          0x00000000   Number         0  retarget.o ABSOLUTE
    util\\uart.c                             0x00000000   Number         0  uart.o ABSOLUTE
    util\uart.c                              0x00000000   Number         0  uart.o ABSOLUTE
    .ARM.Collect$$$$00000000                 0x000000cc   Section        0  entry.o(.ARM.Collect$$$$00000000)
    .ARM.Collect$$$$00000001                 0x000000cc   Section        4  entry2.o(.ARM.Collect$$$$00000001)
    .ARM.Collect$$$$00000004                 0x000000d0   Section        4  entry5.o(.ARM.Collect$$$$00000004)
    .ARM.Collect$$$$00000008                 0x000000d4   Section        0  entry7b.o(.ARM.Collect$$$$00000008)
    .ARM.Collect$$$$0000000A                 0x000000d4   Section        0  entry8b.o(.ARM.Collect$$$$0000000A)
    .ARM.Collect$$$$0000000B                 0x000000d4   Section        8  entry9a.o(.ARM.Collect$$$$0000000B)
    .ARM.Collect$$$$0000000D                 0x000000dc   Section        0  entry10a.o(.ARM.Collect$$$$0000000D)
    .ARM.Collect$$$$0000000F                 0x000000dc   Section        0  entry11a.o(.ARM.Collect$$$$0000000F)
    .ARM.Collect$$$$00002712                 0x000000dc   Section        4  entry2.o(.ARM.Collect$$$$00002712)
    __lit__00000000                          0x000000dc   Data           4  entry2.o(.ARM.Collect$$$$00002712)
    .text                                    0x000000e0   Section       36  startup_lpc17xx.o(.text)
    .text                                    0x00000104   Section      148  irq_cm3.o(.text)
    .text                                    0x00000198   Section        0  memcpya.o(.text)
    .text                                    0x000001bc   Section        0  memseta.o(.text)
    .text                                    0x000001e0   Section        0  uidiv.o(.text)
    .text                                    0x0000020c   Section       36  init.o(.text)
    .text                                    0x00000230   Section        0  __dczerorl2.o(.text)
    [Anonymous Symbol]                       0x00000286   Section        0  rtx_msgqueue.o(.text.MessageQueueGet)
    MessageQueueGet                          0x00000287   Thumb Code    68  rtx_msgqueue.o(.text.MessageQueueGet)
    [Anonymous Symbol]                       0x000002ca   Section        0  rtx_msgqueue.o(.text.MessageQueueRemove)
    MessageQueueRemove                       0x000002cb   Thumb Code    28  rtx_msgqueue.o(.text.MessageQueueRemove)
    [Anonymous Symbol]                       0x000002e8   Section        0  os_systick.o(.text.OS_Tick_AcknowledgeIRQ)
    __arm_cp.3_0                             0x000002f0   Number         4  os_systick.o(.text.OS_Tick_AcknowledgeIRQ)
    [Anonymous Symbol]                       0x000002f4   Section        0  os_systick.o(.text.OS_Tick_GetIRQn)
    [Anonymous Symbol]                       0x000002fa   Section        0  rtx_kernel.o(.text.osRtxKernelPreInit)
    .ARM.__at_0x02FC                         0x000002fc   Section        4  startup_lpc17xx.o(.ARM.__at_0x02FC)
    [Anonymous Symbol]                       0x00000300   Section        0  rtx_msgqueue.o(.text.MessageQueuePut)
    MessageQueuePut                          0x00000301   Thumb Code    98  rtx_msgqueue.o(.text.MessageQueuePut)
    [Anonymous Symbol]                       0x00000364   Section        0  os_systick.o(.text.OS_Tick_Enable)
    __arm_cp.1_0                             0x00000384   Number         4  os_systick.o(.text.OS_Tick_Enable)
    __arm_cp.1_1                             0x00000388   Number         4  os_systick.o(.text.OS_Tick_Enable)
    __arm_cp.1_2                             0x0000038c   Number         4  os_systick.o(.text.OS_Tick_Enable)
    [Anonymous Symbol]                       0x00000390   Section        0  os_systick.o(.text.OS_Tick_Setup)
    __arm_cp.0_0                             0x000003c0   Number         4  os_systick.o(.text.OS_Tick_Setup)
    __arm_cp.0_1                             0x000003c4   Number         4  os_systick.o(.text.OS_Tick_Setup)
    __arm_cp.0_2                             0x000003c8   Number         4  os_systick.o(.text.OS_Tick_Setup)
    __arm_cp.0_3                             0x000003cc   Number         4  os_systick.o(.text.OS_Tick_Setup)
    [Anonymous Symbol]                       0x000003d0   Section        0  rtx_thread.o(.text.ThreadFlagsCheck)
    ThreadFlagsCheck                         0x000003d1   Thumb Code   106  rtx_thread.o(.text.ThreadFlagsCheck)
    [Anonymous Symbol]                       0x0000043c   Section        0  rtx_timer.o(.text.TimerInsert)
    TimerInsert                              0x0000043d   Thumb Code    80  rtx_timer.o(.text.TimerInsert)
    __arm_cp.8_0                             0x00000488   Number         4  rtx_timer.o(.text.TimerInsert)
    [Anonymous Symbol]                       0x0000048c   Section        0  rtx_kernel.o(.text.osKernelInitialize)
    __arm_cp.1_0                             0x000004b4   Number         4  rtx_kernel.o(.text.osKernelInitialize)
    [Anonymous Symbol]                       0x000004b8   Section        0  rtx_kernel.o(.text.osKernelStart)
    __arm_cp.6_0                             0x000004d8   Number         4  rtx_kernel.o(.text.osKernelStart)
    [Anonymous Symbol]                       0x000004dc   Section        0  rtx_msgqueue.o(.text.osMessageQueueGet)
    __arm_cp.3_0                             0x00000544   Number         4  rtx_msgqueue.o(.text.osMessageQueueGet)
    [Anonymous Symbol]                       0x00000548   Section        0  rtx_msgqueue.o(.text.osMessageQueueNew)
    __arm_cp.0_0                             0x00000568   Number         4  rtx_msgqueue.o(.text.osMessageQueueNew)
    [Anonymous Symbol]                       0x0000056c   Section        0  rtx_msgqueue.o(.text.osMessageQueuePut)
    __arm_cp.2_0                             0x000005e0   Number         4  rtx_msgqueue.o(.text.osMessageQueuePut)
    [Anonymous Symbol]                       0x000005e4   Section        0  rtx_mutex.o(.text.osMutexAcquire)
    __arm_cp.3_0                             0x00000604   Number         4  rtx_mutex.o(.text.osMutexAcquire)
    [Anonymous Symbol]                       0x00000608   Section        0  rtx_mutex.o(.text.osMutexDelete)
    __arm_cp.6_0                             0x00000628   Number         4  rtx_mutex.o(.text.osMutexDelete)
    [Anonymous Symbol]                       0x0000062c   Section        0  rtx_mutex.o(.text.osMutexNew)
    __arm_cp.1_0                             0x0000064c   Number         4  rtx_mutex.o(.text.osMutexNew)
    [Anonymous Symbol]                       0x00000650   Section        0  rtx_mutex.o(.text.osMutexRelease)
    __arm_cp.4_0                             0x00000670   Number         4  rtx_mutex.o(.text.osMutexRelease)
    [Anonymous Symbol]                       0x00000674   Section        0  rtx_memory.o(.text.osRtxMemoryAlloc)
    [Anonymous Symbol]                       0x000006f4   Section        0  rtx_memory.o(.text.osRtxMemoryFree)
    [Anonymous Symbol]                       0x00000746   Section        0  rtx_memory.o(.text.osRtxMemoryInit)
    [Anonymous Symbol]                       0x0000077c   Section        0  rtx_mempool.o(.text.osRtxMemoryPoolAlloc)
    [Anonymous Symbol]                       0x000007b6   Section        0  rtx_mempool.o(.text.osRtxMemoryPoolFree)
    [Anonymous Symbol]                       0x00000800   Section        0  rtx_mempool.o(.text.osRtxMemoryPoolInit)
    [Anonymous Symbol]                       0x00000846   Section        0  rtx_msgqueue.o(.text.osRtxMessageQueuePostProcess)
    osRtxMessageQueuePostProcess             0x00000847   Thumb Code   186  rtx_msgqueue.o(.text.osRtxMessageQueuePostProcess)
    [Anonymous Symbol]                       0x00000900   Section        0  rtx_mutex.o(.text.osRtxMutexOwnerRelease)
    [Anonymous Symbol]                       0x0000094c   Section        0  rtx_system.o(.text.osRtxPendSV_Handler)
    __arm_cp.1_0                             0x000009d8   Number         4  rtx_system.o(.text.osRtxPendSV_Handler)
    [Anonymous Symbol]                       0x000009dc   Section        0  rtx_system.o(.text.osRtxPostProcess)
    __arm_cp.2_0                             0x00000a48   Number         4  rtx_system.o(.text.osRtxPostProcess)
    __arm_cp.2_1                             0x00000a4c   Number         4  rtx_system.o(.text.osRtxPostProcess)
    [Anonymous Symbol]                       0x00000a50   Section        0  rtx_semaphore.o(.text.osRtxSemaphorePostProcess)
    osRtxSemaphorePostProcess                0x00000a51   Thumb Code    54  rtx_semaphore.o(.text.osRtxSemaphorePostProcess)
    [Anonymous Symbol]                       0x00000a88   Section        0  rtx_thread.o(.text.osRtxThreadBlock)
    osRtxThreadBlock                         0x00000a89   Thumb Code    56  rtx_thread.o(.text.osRtxThreadBlock)
    __arm_cp.10_0                            0x00000abc   Number         4  rtx_thread.o(.text.osRtxThreadBlock)
    [Anonymous Symbol]                       0x00000ac0   Section        0  rtx_thread.o(.text.osRtxThreadDelayInsert)
    osRtxThreadDelayInsert                   0x00000ac1   Thumb Code   136  rtx_thread.o(.text.osRtxThreadDelayInsert)
    __arm_cp.14_0                            0x00000b44   Number         4  rtx_thread.o(.text.osRtxThreadDelayInsert)
    [Anonymous Symbol]                       0x00000b48   Section        0  rtx_thread.o(.text.osRtxThreadDelayRemove)
    osRtxThreadDelayRemove                   0x00000b49   Thumb Code    60  rtx_thread.o(.text.osRtxThreadDelayRemove)
    __arm_cp.12_0                            0x00000b80   Number         4  rtx_thread.o(.text.osRtxThreadDelayRemove)
    [Anonymous Symbol]                       0x00000b84   Section        0  rtx_thread.o(.text.osRtxThreadDelayTick)
    __arm_cp.5_0                             0x00000bb4   Number         4  rtx_thread.o(.text.osRtxThreadDelayTick)
    [Anonymous Symbol]                       0x00000bb8   Section        0  rtx_thread.o(.text.osRtxThreadDispatch)
    __arm_cp.9_0                             0x00000c10   Number         4  rtx_thread.o(.text.osRtxThreadDispatch)
    [Anonymous Symbol]                       0x00000c14   Section        0  rtx_thread.o(.text.osRtxThreadFree)
    osRtxThreadFree                          0x00000c15   Thumb Code    88  rtx_thread.o(.text.osRtxThreadFree)
    __arm_cp.52_0                            0x00000c68   Number         4  rtx_thread.o(.text.osRtxThreadFree)
    [Anonymous Symbol]                       0x00000c6c   Section        0  rtx_thread.o(.text.osRtxThreadListGet)
    [Anonymous Symbol]                       0x00000c80   Section        0  rtx_thread.o(.text.osRtxThreadListPut)
    [Anonymous Symbol]                       0x00000caa   Section        0  rtx_thread.o(.text.osRtxThreadListRemove)
    [Anonymous Symbol]                       0x00000cbe   Section        0  rtx_thread.o(.text.osRtxThreadListSort)
    [Anonymous Symbol]                       0x00000ce6   Section        0  rtx_thread.o(.text.osRtxThreadPostProcess)
    osRtxThreadPostProcess                   0x00000ce7   Thumb Code    42  rtx_thread.o(.text.osRtxThreadPostProcess)
    [Anonymous Symbol]                       0x00000d10   Section        0  rtx_thread.o(.text.osRtxThreadReadyPut)
    __arm_cp.4_0                             0x00000d20   Number         4  rtx_thread.o(.text.osRtxThreadReadyPut)
    [Anonymous Symbol]                       0x00000d24   Section        0  rtx_thread.o(.text.osRtxThreadRegPtr)
    [Anonymous Symbol]                       0x00000d2c   Section        0  rtx_thread.o(.text.osRtxThreadStackCheck)
    __arm_cp.8_0                             0x00000d4c   Number         4  rtx_thread.o(.text.osRtxThreadStackCheck)
    __arm_cp.8_1                             0x00000d50   Number         4  rtx_thread.o(.text.osRtxThreadStackCheck)
    [Anonymous Symbol]                       0x00000d54   Section        0  rtx_thread.o(.text.osRtxThreadStartup)
    __arm_cp.15_0                            0x00000d84   Number         4  rtx_thread.o(.text.osRtxThreadStartup)
    __arm_cp.15_1                            0x00000d88   Number         4  rtx_thread.o(.text.osRtxThreadStartup)
    __arm_cp.15_2                            0x00000d8c   Number         4  rtx_thread.o(.text.osRtxThreadStartup)
    __arm_cp.15_3                            0x00000d90   Number         4  rtx_thread.o(.text.osRtxThreadStartup)
    [Anonymous Symbol]                       0x00000d94   Section        0  rtx_thread.o(.text.osRtxThreadSwitch)
    __arm_cp.7_0                             0x00000da0   Number         4  rtx_thread.o(.text.osRtxThreadSwitch)
    [Anonymous Symbol]                       0x00000da4   Section        0  rtx_thread.o(.text.osRtxThreadWaitEnter)
    __arm_cp.13_0                            0x00000ddc   Number         4  rtx_thread.o(.text.osRtxThreadWaitEnter)
    [Anonymous Symbol]                       0x00000de0   Section        0  rtx_thread.o(.text.osRtxThreadWaitExit)
    [Anonymous Symbol]                       0x00000e04   Section        0  rtx_system.o(.text.osRtxTick_Handler)
    __arm_cp.0_0                             0x00000e70   Number         4  rtx_system.o(.text.osRtxTick_Handler)
    [Anonymous Symbol]                       0x00000e74   Section        0  rtx_timer.o(.text.osRtxTimerThread)
    __arm_cp.0_0                             0x00000ea4   Number         4  rtx_timer.o(.text.osRtxTimerThread)
    __arm_cp.0_1                             0x00000ea8   Number         4  rtx_timer.o(.text.osRtxTimerThread)
    __arm_cp.0_2                             0x00000eac   Number         4  rtx_timer.o(.text.osRtxTimerThread)
    [Anonymous Symbol]                       0x00000eb0   Section        0  rtx_timer.o(.text.osRtxTimerTick)
    osRtxTimerTick                           0x00000eb1   Thumb Code    88  rtx_timer.o(.text.osRtxTimerTick)
    __arm_cp.1_0                             0x00000f04   Number         4  rtx_timer.o(.text.osRtxTimerTick)
    [Anonymous Symbol]                       0x00000f08   Section        0  rtx_semaphore.o(.text.osSemaphoreAcquire)
    __arm_cp.2_0                             0x00000f58   Number         4  rtx_semaphore.o(.text.osSemaphoreAcquire)
    [Anonymous Symbol]                       0x00000f5c   Section        0  rtx_semaphore.o(.text.osSemaphoreDelete)
    __arm_cp.6_0                             0x00000f7c   Number         4  rtx_semaphore.o(.text.osSemaphoreDelete)
    [Anonymous Symbol]                       0x00000f80   Section        0  rtx_semaphore.o(.text.osSemaphoreGetCount)
    __arm_cp.4_0                             0x00000fac   Number         4  rtx_semaphore.o(.text.osSemaphoreGetCount)
    [Anonymous Symbol]                       0x00000fb0   Section        0  rtx_semaphore.o(.text.osSemaphoreNew)
    __arm_cp.0_0                             0x00000fd0   Number         4  rtx_semaphore.o(.text.osSemaphoreNew)
    [Anonymous Symbol]                       0x00000fd4   Section        0  rtx_semaphore.o(.text.osSemaphoreRelease)
    __arm_cp.3_0                             0x00001034   Number         4  rtx_semaphore.o(.text.osSemaphoreRelease)
    [Anonymous Symbol]                       0x00001038   Section        0  rtx_thread.o(.text.osThreadExit)
    __arm_cp.31_0                            0x00001040   Number         4  rtx_thread.o(.text.osThreadExit)
    [Anonymous Symbol]                       0x00001044   Section        0  rtx_thread.o(.text.osThreadNew)
    __arm_cp.17_0                            0x00001064   Number         4  rtx_thread.o(.text.osThreadNew)
    [Anonymous Symbol]                       0x00001068   Section        0  rtx_thread.o(.text.osThreadTerminate)
    __arm_cp.32_0                            0x00001088   Number         4  rtx_thread.o(.text.osThreadTerminate)
    [Anonymous Symbol]                       0x0000108c   Section        0  rtx_kernel.o(.text.svcRtxKernelInitialize)
    svcRtxKernelInitialize                   0x0000108d   Thumb Code   340  rtx_kernel.o(.text.svcRtxKernelInitialize)
    __arm_cp.20_0                            0x000011d4   Number         4  rtx_kernel.o(.text.svcRtxKernelInitialize)
    __arm_cp.20_1                            0x000011d8   Number         4  rtx_kernel.o(.text.svcRtxKernelInitialize)
    __arm_cp.20_2                            0x000011dc   Number         4  rtx_kernel.o(.text.svcRtxKernelInitialize)
    [Anonymous Symbol]                       0x000011e0   Section        0  rtx_kernel.o(.text.svcRtxKernelStart)
    svcRtxKernelStart                        0x000011e1   Thumb Code   136  rtx_kernel.o(.text.svcRtxKernelStart)
    __arm_cp.21_0                            0x00001258   Number         4  rtx_kernel.o(.text.svcRtxKernelStart)
    __arm_cp.21_1                            0x0000125c   Number         4  rtx_kernel.o(.text.svcRtxKernelStart)
    __arm_cp.21_2                            0x00001260   Number         4  rtx_kernel.o(.text.svcRtxKernelStart)
    __arm_cp.21_3                            0x00001264   Number         4  rtx_kernel.o(.text.svcRtxKernelStart)
    [Anonymous Symbol]                       0x00001268   Section        0  rtx_msgqueue.o(.text.svcRtxMessageQueueGet)
    svcRtxMessageQueueGet                    0x00001269   Thumb Code   224  rtx_msgqueue.o(.text.svcRtxMessageQueueGet)
    __arm_cp.21_0                            0x00001344   Number         4  rtx_msgqueue.o(.text.svcRtxMessageQueueGet)
    [Anonymous Symbol]                       0x00001348   Section        0  rtx_msgqueue.o(.text.svcRtxMessageQueueNew)
    svcRtxMessageQueueNew                    0x00001349   Thumb Code   308  rtx_msgqueue.o(.text.svcRtxMessageQueueNew)
    __arm_cp.14_0                            0x00001474   Number         4  rtx_msgqueue.o(.text.svcRtxMessageQueueNew)
    __arm_cp.14_1                            0x00001478   Number         4  rtx_msgqueue.o(.text.svcRtxMessageQueueNew)
    [Anonymous Symbol]                       0x0000147c   Section        0  rtx_msgqueue.o(.text.svcRtxMessageQueuePut)
    svcRtxMessageQueuePut                    0x0000147d   Thumb Code   192  rtx_msgqueue.o(.text.svcRtxMessageQueuePut)
    __arm_cp.19_0                            0x00001538   Number         4  rtx_msgqueue.o(.text.svcRtxMessageQueuePut)
    [Anonymous Symbol]                       0x0000153c   Section        0  rtx_mutex.o(.text.svcRtxMutexAcquire)
    svcRtxMutexAcquire                       0x0000153d   Thumb Code   144  rtx_mutex.o(.text.svcRtxMutexAcquire)
    __arm_cp.9_0                             0x000015c8   Number         4  rtx_mutex.o(.text.svcRtxMutexAcquire)
    [Anonymous Symbol]                       0x000015cc   Section        0  rtx_mutex.o(.text.svcRtxMutexDelete)
    svcRtxMutexDelete                        0x000015cd   Thumb Code   196  rtx_mutex.o(.text.svcRtxMutexDelete)
    __arm_cp.12_0                            0x0000168c   Number         4  rtx_mutex.o(.text.svcRtxMutexDelete)
    [Anonymous Symbol]                       0x00001690   Section        0  rtx_mutex.o(.text.svcRtxMutexNew)
    svcRtxMutexNew                           0x00001691   Thumb Code   108  rtx_mutex.o(.text.svcRtxMutexNew)
    __arm_cp.7_0                             0x000016f8   Number         4  rtx_mutex.o(.text.svcRtxMutexNew)
    [Anonymous Symbol]                       0x000016fc   Section        0  rtx_mutex.o(.text.svcRtxMutexRelease)
    svcRtxMutexRelease                       0x000016fd   Thumb Code   184  rtx_mutex.o(.text.svcRtxMutexRelease)
    __arm_cp.10_0                            0x000017b0   Number         4  rtx_mutex.o(.text.svcRtxMutexRelease)
    [Anonymous Symbol]                       0x000017b4   Section        0  rtx_semaphore.o(.text.svcRtxSemaphoreAcquire)
    svcRtxSemaphoreAcquire                   0x000017b5   Thumb Code    88  rtx_semaphore.o(.text.svcRtxSemaphoreAcquire)
    __arm_cp.10_0                            0x00001808   Number         4  rtx_semaphore.o(.text.svcRtxSemaphoreAcquire)
    [Anonymous Symbol]                       0x0000180c   Section        0  rtx_semaphore.o(.text.svcRtxSemaphoreDelete)
    svcRtxSemaphoreDelete                    0x0000180d   Thumb Code    96  rtx_semaphore.o(.text.svcRtxSemaphoreDelete)
    __arm_cp.12_0                            0x00001868   Number         4  rtx_semaphore.o(.text.svcRtxSemaphoreDelete)
    [Anonymous Symbol]                       0x0000186c   Section        0  rtx_semaphore.o(.text.svcRtxSemaphoreGetCount)
    svcRtxSemaphoreGetCount                  0x0000186d   Thumb Code    16  rtx_semaphore.o(.text.svcRtxSemaphoreGetCount)
    [Anonymous Symbol]                       0x0000187c   Section        0  rtx_semaphore.o(.text.svcRtxSemaphoreNew)
    svcRtxSemaphoreNew                       0x0000187d   Thumb Code   128  rtx_semaphore.o(.text.svcRtxSemaphoreNew)
    __arm_cp.7_0                             0x000018f4   Number         4  rtx_semaphore.o(.text.svcRtxSemaphoreNew)
    __arm_cp.7_1                             0x000018f8   Number         4  rtx_semaphore.o(.text.svcRtxSemaphoreNew)
    [Anonymous Symbol]                       0x000018fc   Section        0  rtx_semaphore.o(.text.svcRtxSemaphoreRelease)
    svcRtxSemaphoreRelease                   0x000018fd   Thumb Code    84  rtx_semaphore.o(.text.svcRtxSemaphoreRelease)
    [Anonymous Symbol]                       0x00001950   Section        0  rtx_thread.o(.text.svcRtxThreadExit)
    svcRtxThreadExit                         0x00001951   Thumb Code   112  rtx_thread.o(.text.svcRtxThreadExit)
    __arm_cp.54_0                            0x000019bc   Number         4  rtx_thread.o(.text.svcRtxThreadExit)
    [Anonymous Symbol]                       0x000019c0   Section        0  rtx_thread.o(.text.svcRtxThreadNew)
    svcRtxThreadNew                          0x000019c1   Thumb Code   476  rtx_thread.o(.text.svcRtxThreadNew)
    __arm_cp.16_0                            0x00001b88   Number         4  rtx_thread.o(.text.svcRtxThreadNew)
    __arm_cp.16_1                            0x00001b8c   Number         4  rtx_thread.o(.text.svcRtxThreadNew)
    __arm_cp.16_2                            0x00001b90   Number         4  rtx_thread.o(.text.svcRtxThreadNew)
    __arm_cp.16_3                            0x00001b94   Number         4  rtx_thread.o(.text.svcRtxThreadNew)
    __arm_cp.16_4                            0x00001b98   Number         4  rtx_thread.o(.text.svcRtxThreadNew)
    [Anonymous Symbol]                       0x00001b9c   Section        0  rtx_thread.o(.text.svcRtxThreadTerminate)
    svcRtxThreadTerminate                    0x00001b9d   Thumb Code   192  rtx_thread.o(.text.svcRtxThreadTerminate)
    __arm_cp.55_0                            0x00001c58   Number         4  rtx_thread.o(.text.svcRtxThreadTerminate)
    i.Free                                   0x00001c5c   Section        0  uart.o(i.Free)
    i.FreeRcv                                0x00001c64   Section        0  uart.o(i.FreeRcv)
    i.FreeSnd                                0x00001c88   Section        0  uart.o(i.FreeSnd)
    i.OM                                     0x00001cac   Section        0  general.o(i.OM)
    i.SystemInit                             0x00001dbc   Section        0  system_lpc17xx.o(i.SystemInit)
    i.UART0_IRQHandler                       0x00001efc   Section        0  uart.o(i.UART0_IRQHandler)
    i.UART1_IRQHandler                       0x00001f64   Section        0  uart.o(i.UART1_IRQHandler)
    i.UARTInit                               0x00001fd4   Section        0  uart.o(i.UARTInit)
    i.UARTSendChar                           0x00002090   Section        0  uart.o(i.UARTSendChar)
    i.__0printf$3                            0x000020b4   Section        0  printf3.o(i.__0printf$3)
    i.__0sprintf$3                           0x000020d4   Section        0  printf3.o(i.__0sprintf$3)
    i.__NVIC_EnableIRQ                       0x000020fc   Section        0  uart.o(i.__NVIC_EnableIRQ)
    __NVIC_EnableIRQ                         0x000020fd   Thumb Code    34  uart.o(i.__NVIC_EnableIRQ)
    i.__scatterload_copy                     0x0000211e   Section       14  handlers.o(i.__scatterload_copy)
    i.__scatterload_null                     0x0000212c   Section        2  handlers.o(i.__scatterload_null)
    i.__scatterload_zeroinit                 0x0000212e   Section       14  handlers.o(i.__scatterload_zeroinit)
    i._printf_core                           0x0000213c   Section        0  printf3.o(i._printf_core)
    _printf_core                             0x0000213d   Thumb Code   436  printf3.o(i._printf_core)
    i._sputc                                 0x000022f4   Section        0  printf3.o(i._sputc)
    _sputc                                   0x000022f5   Thumb Code    10  printf3.o(i._sputc)
    i.broadcast                              0x00002300   Section        0  general.o(i.broadcast)
    i.cleanup                                0x000023c0   Section        0  general.o(i.cleanup)
    i.fputc                                  0x00002460   Section        0  retarget.o(i.fputc)
    i.free                                   0x00002470   Section        0  malloc.o(i.free)
    i.general                                0x000024c0   Section        0  general.o(i.general)
    i.getFrequency                           0x0000254c   Section        0  uart.o(i.getFrequency)
    i.main                                   0x00002594   Section        0  final.o(i.main)
    i.malloc                                 0x000025b0   Section        0  malloc.o(i.malloc)
    i.osRtxErrorNotify                       0x0000261c   Section        0  rtx_config.o(i.osRtxErrorNotify)
    i.osRtxIdleThread                        0x0000263c   Section        0  rtx_config.o(i.osRtxIdleThread)
    i.replaceChar                            0x00002640   Section        0  general.o(i.replaceChar)
    i.sendchar                               0x00002670   Section        0  retarget.o(i.sendchar)
    i.setup                                  0x000026b4   Section        0  general.o(i.setup)
    i.startGenerals                          0x00002830   Section        0  final.o(i.startGenerals)
    i.stopGenerals                           0x0000289c   Section        0  final.o(i.stopGenerals)
    i.testCases                              0x000028c4   Section        0  final.o(i.testCases)
    .constdata                               0x0000296c   Section      100  rtx_lib.o(.constdata)
    os_idle_thread_attr                      0x0000296c   Data          36  rtx_lib.o(.constdata)
    os_timer_thread_attr                     0x00002990   Data          36  rtx_lib.o(.constdata)
    os_timer_mq_attr                         0x000029b4   Data          24  rtx_lib.o(.constdata)
    .rodata                                  0x000029d0   Section      160  rtx_lib.o(.rodata)
    __tagsym$$used                           0x000029d0   Number         0  rtx_lib.o(.rodata)
    __tagsym$$used                           0x00002a38   Number         0  rtx_lib.o(.rodata)
    [Anonymous Symbol]                       0x00002a70   Section        0  rtx_kernel.o(.rodata.str1.4)
    .L.str                                   0x00002a70   Data          11  rtx_kernel.o(.rodata.str1.4)
    .bss.os                                  0x10000000   Section    18496  rtx_lib.o(.bss.os)
    os_mem                                   0x10000000   Data       18432  rtx_lib.o(.bss.os)
    os_isr_queue                             0x10004800   Data          64  rtx_lib.o(.bss.os)
    .bss.os.msgqueue.cb                      0x10004840   Section       52  rtx_lib.o(.bss.os.msgqueue.cb)
    os_timer_mq_cb                           0x10004840   Data          52  rtx_lib.o(.bss.os.msgqueue.cb)
    .bss.os.msgqueue.mem                     0x10004874   Section       80  rtx_lib.o(.bss.os.msgqueue.mem)
    os_timer_mq_data                         0x10004874   Data          80  rtx_lib.o(.bss.os.msgqueue.mem)
    .bss.os.thread.cb                        0x100048c4   Section      136  rtx_lib.o(.bss.os.thread.cb)
    os_idle_thread_cb                        0x100048c4   Data          68  rtx_lib.o(.bss.os.thread.cb)
    os_timer_thread_cb                       0x10004908   Data          68  rtx_lib.o(.bss.os.thread.cb)
    .bss.os.thread.stack                     0x10004950   Section      512  rtx_lib.o(.bss.os.thread.stack)
    os_idle_thread_stack                     0x10004950   Data         256  rtx_lib.o(.bss.os.thread.stack)
    os_timer_thread_stack                    0x10004a50   Data         256  rtx_lib.o(.bss.os.thread.stack)
    .data                                    0x10004b50   Section       12  retarget.o(.data)
    .data                                    0x10004b5c   Section       32  uart.o(.data)
    .data                                    0x10004b7c   Section      104  final.o(.data)
    .data                                    0x10004be4   Section       40  general.o(.data)
    .data                                    0x10004c0c   Section        4  system_lpc17xx.o(.data)
    .data                                    0x10004c10   Section        4  mvars.o(.data)
    .data                                    0x10004c14   Section        4  mvars.o(.data)
    .bss                                     0x10004cbc   Section      128  uart.o(.bss)
    .bss                                     0x10004d3c   Section       28  final.o(.bss)
    [Anonymous Symbol]                       0x10004d58   Section        0  os_systick.o(.bss.PendST)
    PendST                                   0x10004d58   Data           1  os_systick.o(.bss.PendST)
    HEAP                                     0x10004d60   Section     8192  startup_lpc17xx.o(HEAP)
    STACK                                    0x10006d60   Section    32768  startup_lpc17xx.o(STACK)

    Global Symbols

    Symbol Name                              Value     Ov Type        Size  Object(Section)

    BuildAttributes$$THM_ISAv4$P$D$K$B$S$PE$A:L22UL41UL21$X:L11$S22US41US21$IEEE1$IW$~IW$USESV6$~STKCKD$USESV7$~SHL$OSPACE$ROPI$EBA8$MICROLIB$REQ8$PRES8$EABIv2 0x00000000   Number         0  anon$$obj.o ABSOLUTE
    __ARM_use_no_argv                        0x00000000   Number         0  final.o ABSOLUTE
    __Vectors                                0x00000000   Data           4  startup_lpc17xx.o(RESET)
    _printf_a                                0x00000000   Number         0  stubs.o ABSOLUTE
    _printf_c                                0x00000000   Number         0  stubs.o ABSOLUTE
    _printf_charcount                        0x00000000   Number         0  stubs.o ABSOLUTE
    _printf_d                                0x00000000   Number         0  stubs.o ABSOLUTE
    _printf_e                                0x00000000   Number         0  stubs.o ABSOLUTE
    _printf_f                                0x00000000   Number         0  stubs.o ABSOLUTE
    _printf_flags                            0x00000000   Number         0  stubs.o ABSOLUTE
    _printf_fp_dec                           0x00000000   Number         0  stubs.o ABSOLUTE
    _printf_fp_hex                           0x00000000   Number         0  stubs.o ABSOLUTE
    _printf_g                                0x00000000   Number         0  stubs.o ABSOLUTE
    _printf_i                                0x00000000   Number         0  stubs.o ABSOLUTE
    _printf_int_dec                          0x00000000   Number         0  stubs.o ABSOLUTE
    _printf_l                                0x00000000   Number         0  stubs.o ABSOLUTE
    _printf_lc                               0x00000000   Number         0  stubs.o ABSOLUTE
    _printf_ll                               0x00000000   Number         0  stubs.o ABSOLUTE
    _printf_lld                              0x00000000   Number         0  stubs.o ABSOLUTE
    _printf_lli                              0x00000000   Number         0  stubs.o ABSOLUTE
    _printf_llo                              0x00000000   Number         0  stubs.o ABSOLUTE
    _printf_llu                              0x00000000   Number         0  stubs.o ABSOLUTE
    _printf_llx                              0x00000000   Number         0  stubs.o ABSOLUTE
    _printf_longlong_dec                     0x00000000   Number         0  stubs.o ABSOLUTE
    _printf_longlong_hex                     0x00000000   Number         0  stubs.o ABSOLUTE
    _printf_longlong_oct                     0x00000000   Number         0  stubs.o ABSOLUTE
    _printf_ls                               0x00000000   Number         0  stubs.o ABSOLUTE
    _printf_mbtowc                           0x00000000   Number         0  stubs.o ABSOLUTE
    _printf_n                                0x00000000   Number         0  stubs.o ABSOLUTE
    _printf_o                                0x00000000   Number         0  stubs.o ABSOLUTE
    _printf_p                                0x00000000   Number         0  stubs.o ABSOLUTE
    _printf_percent                          0x00000000   Number         0  stubs.o ABSOLUTE
    _printf_pre_padding                      0x00000000   Number         0  stubs.o ABSOLUTE
    _printf_return_value                     0x00000000   Number         0  stubs.o ABSOLUTE
    _printf_s                                0x00000000   Number         0  stubs.o ABSOLUTE
    _printf_sizespec                         0x00000000   Number         0  stubs.o ABSOLUTE
    _printf_str                              0x00000000   Number         0  stubs.o ABSOLUTE
    _printf_truncate_signed                  0x00000000   Number         0  stubs.o ABSOLUTE
    _printf_truncate_unsigned                0x00000000   Number         0  stubs.o ABSOLUTE
    _printf_u                                0x00000000   Number         0  stubs.o ABSOLUTE
    _printf_wc                               0x00000000   Number         0  stubs.o ABSOLUTE
    _printf_wctomb                           0x00000000   Number         0  stubs.o ABSOLUTE
    _printf_widthprec                        0x00000000   Number         0  stubs.o ABSOLUTE
    _printf_x                                0x00000000   Number         0  stubs.o ABSOLUTE
    .bss.os.evflags.cb$$Base                  - Undefined Weak Reference
    .bss.os.evflags.cb$$Limit                 - Undefined Weak Reference
    .bss.os.mempool.cb$$Base                  - Undefined Weak Reference
    .bss.os.mempool.cb$$Limit                 - Undefined Weak Reference
    .bss.os.mutex.cb$$Base                    - Undefined Weak Reference
    .bss.os.mutex.cb$$Limit                   - Undefined Weak Reference
    .bss.os.semaphore.cb$$Base                - Undefined Weak Reference
    .bss.os.semaphore.cb$$Limit               - Undefined Weak Reference
    .bss.os.timer.cb$$Base                    - Undefined Weak Reference
    .bss.os.timer.cb$$Limit                   - Undefined Weak Reference
    __cpp_initialize__aeabi_                  - Undefined Weak Reference
    __cxa_finalize                            - Undefined Weak Reference
    _clock_init                               - Undefined Weak Reference
    _microlib_exit                            - Undefined Weak Reference
    __main                                   0x000000cd   Thumb Code     0  entry.o(.ARM.Collect$$$$00000000)
    _main_stk                                0x000000cd   Thumb Code     0  entry2.o(.ARM.Collect$$$$00000001)
    _main_scatterload                        0x000000d1   Thumb Code     0  entry5.o(.ARM.Collect$$$$00000004)
    __main_after_scatterload                 0x000000d5   Thumb Code     0  entry5.o(.ARM.Collect$$$$00000004)
    _main_clock                              0x000000d5   Thumb Code     0  entry7b.o(.ARM.Collect$$$$00000008)
    _main_cpp_init                           0x000000d5   Thumb Code     0  entry8b.o(.ARM.Collect$$$$0000000A)
    _main_init                               0x000000d5   Thumb Code     0  entry9a.o(.ARM.Collect$$$$0000000B)
    __rt_final_cpp                           0x000000dd   Thumb Code     0  entry10a.o(.ARM.Collect$$$$0000000D)
    __rt_final_exit                          0x000000dd   Thumb Code     0  entry11a.o(.ARM.Collect$$$$0000000F)
    Reset_Handler                            0x000000e1   Thumb Code     8  startup_lpc17xx.o(.text)
    NMI_Handler                              0x000000e9   Thumb Code     2  startup_lpc17xx.o(.text)
    HardFault_Handler                        0x000000eb   Thumb Code     2  startup_lpc17xx.o(.text)
    MemManage_Handler                        0x000000ed   Thumb Code     2  startup_lpc17xx.o(.text)
    BusFault_Handler                         0x000000ef   Thumb Code     2  startup_lpc17xx.o(.text)
    UsageFault_Handler                       0x000000f1   Thumb Code     2  startup_lpc17xx.o(.text)
    DebugMon_Handler                         0x000000f5   Thumb Code     2  startup_lpc17xx.o(.text)
    ADC_IRQHandler                           0x000000fb   Thumb Code     0  startup_lpc17xx.o(.text)
    BOD_IRQHandler                           0x000000fb   Thumb Code     0  startup_lpc17xx.o(.text)
    CANActivity_IRQHandler                   0x000000fb   Thumb Code     0  startup_lpc17xx.o(.text)
    CAN_IRQHandler                           0x000000fb   Thumb Code     0  startup_lpc17xx.o(.text)
    DMA_IRQHandler                           0x000000fb   Thumb Code     0  startup_lpc17xx.o(.text)
    EINT0_IRQHandler                         0x000000fb   Thumb Code     0  startup_lpc17xx.o(.text)
    EINT1_IRQHandler                         0x000000fb   Thumb Code     0  startup_lpc17xx.o(.text)
    EINT2_IRQHandler                         0x000000fb   Thumb Code     0  startup_lpc17xx.o(.text)
    EINT3_IRQHandler                         0x000000fb   Thumb Code     0  startup_lpc17xx.o(.text)
    ENET_IRQHandler                          0x000000fb   Thumb Code     0  startup_lpc17xx.o(.text)
    I2C0_IRQHandler                          0x000000fb   Thumb Code     0  startup_lpc17xx.o(.text)
    I2C1_IRQHandler                          0x000000fb   Thumb Code     0  startup_lpc17xx.o(.text)
    I2C2_IRQHandler                          0x000000fb   Thumb Code     0  startup_lpc17xx.o(.text)
    I2S_IRQHandler                           0x000000fb   Thumb Code     0  startup_lpc17xx.o(.text)
    MCPWM_IRQHandler                         0x000000fb   Thumb Code     0  startup_lpc17xx.o(.text)
    PLL0_IRQHandler                          0x000000fb   Thumb Code     0  startup_lpc17xx.o(.text)
    PLL1_IRQHandler                          0x000000fb   Thumb Code     0  startup_lpc17xx.o(.text)
    PWM1_IRQHandler                          0x000000fb   Thumb Code     0  startup_lpc17xx.o(.text)
    QEI_IRQHandler                           0x000000fb   Thumb Code     0  startup_lpc17xx.o(.text)
    RIT_IRQHandler                           0x000000fb   Thumb Code     0  startup_lpc17xx.o(.text)
    RTC_IRQHandler                           0x000000fb   Thumb Code     0  startup_lpc17xx.o(.text)
    SPI_IRQHandler                           0x000000fb   Thumb Code     0  startup_lpc17xx.o(.text)
    SSP0_IRQHandler                          0x000000fb   Thumb Code     0  startup_lpc17xx.o(.text)
    SSP1_IRQHandler                          0x000000fb   Thumb Code     0  startup_lpc17xx.o(.text)
    TIMER0_IRQHandler                        0x000000fb   Thumb Code     0  startup_lpc17xx.o(.text)
    TIMER1_IRQHandler                        0x000000fb   Thumb Code     0  startup_lpc17xx.o(.text)
    TIMER2_IRQHandler                        0x000000fb   Thumb Code     0  startup_lpc17xx.o(.text)
    TIMER3_IRQHandler                        0x000000fb   Thumb Code     0  startup_lpc17xx.o(.text)
    UART2_IRQHandler                         0x000000fb   Thumb Code     0  startup_lpc17xx.o(.text)
    UART3_IRQHandler                         0x000000fb   Thumb Code     0  startup_lpc17xx.o(.text)
    USBActivity_IRQHandler                   0x000000fb   Thumb Code     0  startup_lpc17xx.o(.text)
    USB_IRQHandler                           0x000000fb   Thumb Code     0  startup_lpc17xx.o(.text)
    WDT_IRQHandler                           0x000000fb   Thumb Code     0  startup_lpc17xx.o(.text)
    SVC_Handler                              0x00000105   Thumb Code   108  irq_cm3.o(.text)
    PendSV_Handler                           0x00000171   Thumb Code    16  irq_cm3.o(.text)
    SysTick_Handler                          0x00000181   Thumb Code    16  irq_cm3.o(.text)
    __aeabi_memcpy                           0x00000199   Thumb Code    36  memcpya.o(.text)
    __aeabi_memcpy4                          0x00000199   Thumb Code     0  memcpya.o(.text)
    __aeabi_memcpy8                          0x00000199   Thumb Code     0  memcpya.o(.text)
    __aeabi_memset                           0x000001bd   Thumb Code    14  memseta.o(.text)
    __aeabi_memset4                          0x000001bd   Thumb Code     0  memseta.o(.text)
    __aeabi_memset8                          0x000001bd   Thumb Code     0  memseta.o(.text)
    __aeabi_memclr                           0x000001cb   Thumb Code     4  memseta.o(.text)
    __aeabi_memclr4                          0x000001cb   Thumb Code     0  memseta.o(.text)
    __aeabi_memclr8                          0x000001cb   Thumb Code     0  memseta.o(.text)
    _memset$wrapper                          0x000001cf   Thumb Code    18  memseta.o(.text)
    __aeabi_uidiv                            0x000001e1   Thumb Code     0  uidiv.o(.text)
    __aeabi_uidivmod                         0x000001e1   Thumb Code    44  uidiv.o(.text)
    __scatterload                            0x0000020d   Thumb Code    28  init.o(.text)
    __scatterload_rt2                        0x0000020d   Thumb Code     0  init.o(.text)
    __decompress                             0x00000231   Thumb Code     0  __dczerorl2.o(.text)
    __decompress1                            0x00000231   Thumb Code    86  __dczerorl2.o(.text)
    OS_Tick_AcknowledgeIRQ                   0x000002e9   Thumb Code    12  os_systick.o(.text.OS_Tick_AcknowledgeIRQ)
    OS_Tick_GetIRQn                          0x000002f5   Thumb Code     6  os_systick.o(.text.OS_Tick_GetIRQn)
    osRtxKernelPreInit                       0x000002fb   Thumb Code     2  rtx_kernel.o(.text.osRtxKernelPreInit)
    OS_Tick_Enable                           0x00000365   Thumb Code    44  os_systick.o(.text.OS_Tick_Enable)
    OS_Tick_Setup                            0x00000391   Thumb Code    64  os_systick.o(.text.OS_Tick_Setup)
    osKernelInitialize                       0x0000048d   Thumb Code    44  rtx_kernel.o(.text.osKernelInitialize)
    osKernelStart                            0x000004b9   Thumb Code    36  rtx_kernel.o(.text.osKernelStart)
    osMessageQueueGet                        0x000004dd   Thumb Code   108  rtx_msgqueue.o(.text.osMessageQueueGet)
    osMessageQueueNew                        0x00000549   Thumb Code    36  rtx_msgqueue.o(.text.osMessageQueueNew)
    osMessageQueuePut                        0x0000056d   Thumb Code   120  rtx_msgqueue.o(.text.osMessageQueuePut)
    osMutexAcquire                           0x000005e5   Thumb Code    36  rtx_mutex.o(.text.osMutexAcquire)
    osMutexDelete                            0x00000609   Thumb Code    36  rtx_mutex.o(.text.osMutexDelete)
    osMutexNew                               0x0000062d   Thumb Code    36  rtx_mutex.o(.text.osMutexNew)
    osMutexRelease                           0x00000651   Thumb Code    36  rtx_mutex.o(.text.osMutexRelease)
    osRtxMemoryAlloc                         0x00000675   Thumb Code   128  rtx_memory.o(.text.osRtxMemoryAlloc)
    osRtxMemoryFree                          0x000006f5   Thumb Code    82  rtx_memory.o(.text.osRtxMemoryFree)
    osRtxMemoryInit                          0x00000747   Thumb Code    54  rtx_memory.o(.text.osRtxMemoryInit)
    osRtxMemoryPoolAlloc                     0x0000077d   Thumb Code    58  rtx_mempool.o(.text.osRtxMemoryPoolAlloc)
    osRtxMemoryPoolFree                      0x000007b7   Thumb Code    74  rtx_mempool.o(.text.osRtxMemoryPoolFree)
    osRtxMemoryPoolInit                      0x00000801   Thumb Code    70  rtx_mempool.o(.text.osRtxMemoryPoolInit)
    osRtxMutexOwnerRelease                   0x00000901   Thumb Code    74  rtx_mutex.o(.text.osRtxMutexOwnerRelease)
    osRtxPendSV_Handler                      0x0000094d   Thumb Code   144  rtx_system.o(.text.osRtxPendSV_Handler)
    osRtxPostProcess                         0x000009dd   Thumb Code   116  rtx_system.o(.text.osRtxPostProcess)
    osRtxThreadDelayTick                     0x00000b85   Thumb Code    52  rtx_thread.o(.text.osRtxThreadDelayTick)
    osRtxThreadDispatch                      0x00000bb9   Thumb Code    92  rtx_thread.o(.text.osRtxThreadDispatch)
    osRtxThreadListGet                       0x00000c6d   Thumb Code    20  rtx_thread.o(.text.osRtxThreadListGet)
    osRtxThreadListPut                       0x00000c81   Thumb Code    42  rtx_thread.o(.text.osRtxThreadListPut)
    osRtxThreadListRemove                    0x00000cab   Thumb Code    20  rtx_thread.o(.text.osRtxThreadListRemove)
    osRtxThreadListSort                      0x00000cbf   Thumb Code    40  rtx_thread.o(.text.osRtxThreadListSort)
    osRtxThreadReadyPut                      0x00000d11   Thumb Code    20  rtx_thread.o(.text.osRtxThreadReadyPut)
    osRtxThreadRegPtr                        0x00000d25   Thumb Code     6  rtx_thread.o(.text.osRtxThreadRegPtr)
    osRtxThreadStackCheck                    0x00000d2d   Thumb Code    40  rtx_thread.o(.text.osRtxThreadStackCheck)
    osRtxThreadStartup                       0x00000d55   Thumb Code    64  rtx_thread.o(.text.osRtxThreadStartup)
    osRtxThreadSwitch                        0x00000d95   Thumb Code    16  rtx_thread.o(.text.osRtxThreadSwitch)
    osRtxThreadWaitEnter                     0x00000da5   Thumb Code    60  rtx_thread.o(.text.osRtxThreadWaitEnter)
    osRtxThreadWaitExit                      0x00000de1   Thumb Code    36  rtx_thread.o(.text.osRtxThreadWaitExit)
    osRtxTick_Handler                        0x00000e05   Thumb Code   112  rtx_system.o(.text.osRtxTick_Handler)
    osRtxTimerThread                         0x00000e75   Thumb Code    60  rtx_timer.o(.text.osRtxTimerThread)
    osSemaphoreAcquire                       0x00000f09   Thumb Code    84  rtx_semaphore.o(.text.osSemaphoreAcquire)
    osSemaphoreDelete                        0x00000f5d   Thumb Code    36  rtx_semaphore.o(.text.osSemaphoreDelete)
    osSemaphoreGetCount                      0x00000f81   Thumb Code    48  rtx_semaphore.o(.text.osSemaphoreGetCount)
    osSemaphoreNew                           0x00000fb1   Thumb Code    36  rtx_semaphore.o(.text.osSemaphoreNew)
    osSemaphoreRelease                       0x00000fd5   Thumb Code   100  rtx_semaphore.o(.text.osSemaphoreRelease)
    osThreadExit                             0x00001039   Thumb Code    12  rtx_thread.o(.text.osThreadExit)
    osThreadNew                              0x00001045   Thumb Code    36  rtx_thread.o(.text.osThreadNew)
    osThreadTerminate                        0x00001069   Thumb Code    36  rtx_thread.o(.text.osThreadTerminate)
    Free                                     0x00001c5d   Thumb Code     6  uart.o(i.Free)
    FreeRcv                                  0x00001c65   Thumb Code    28  uart.o(i.FreeRcv)
    FreeSnd                                  0x00001c89   Thumb Code    28  uart.o(i.FreeSnd)
    OM                                       0x00001cad   Thumb Code   230  general.o(i.OM)
    SystemInit                               0x00001dbd   Thumb Code   302  system_lpc17xx.o(i.SystemInit)
    UART0_IRQHandler                         0x00001efd   Thumb Code    88  uart.o(i.UART0_IRQHandler)
    UART1_IRQHandler                         0x00001f65   Thumb Code    90  uart.o(i.UART1_IRQHandler)
    UARTInit                                 0x00001fd5   Thumb Code   176  uart.o(i.UARTInit)
    UARTSendChar                             0x00002091   Thumb Code    26  uart.o(i.UARTSendChar)
    __0printf$3                              0x000020b5   Thumb Code    22  printf3.o(i.__0printf$3)
    __1printf$3                              0x000020b5   Thumb Code     0  printf3.o(i.__0printf$3)
    __2printf                                0x000020b5   Thumb Code     0  printf3.o(i.__0printf$3)
    __0sprintf$3                             0x000020d5   Thumb Code    34  printf3.o(i.__0sprintf$3)
    __1sprintf$3                             0x000020d5   Thumb Code     0  printf3.o(i.__0sprintf$3)
    __2sprintf                               0x000020d5   Thumb Code     0  printf3.o(i.__0sprintf$3)
    __scatterload_copy                       0x0000211f   Thumb Code    14  handlers.o(i.__scatterload_copy)
    __scatterload_null                       0x0000212d   Thumb Code     2  handlers.o(i.__scatterload_null)
    __scatterload_zeroinit                   0x0000212f   Thumb Code    14  handlers.o(i.__scatterload_zeroinit)
    broadcast                                0x00002301   Thumb Code   126  general.o(i.broadcast)
    cleanup                                  0x000023c1   Thumb Code    94  general.o(i.cleanup)
    fputc                                    0x00002461   Thumb Code    14  retarget.o(i.fputc)
    free                                     0x00002471   Thumb Code    76  malloc.o(i.free)
    general                                  0x000024c1   Thumb Code   112  general.o(i.general)
    getFrequency                             0x0000254d   Thumb Code    62  uart.o(i.getFrequency)
    main                                     0x00002595   Thumb Code    22  final.o(i.main)
    malloc                                   0x000025b1   Thumb Code    92  malloc.o(i.malloc)
    osRtxErrorNotify                         0x0000261d   Thumb Code    32  rtx_config.o(i.osRtxErrorNotify)
    osRtxIdleThread                          0x0000263d   Thumb Code     4  rtx_config.o(i.osRtxIdleThread)
    replaceChar                              0x00002641   Thumb Code    48  general.o(i.replaceChar)
    sendchar                                 0x00002671   Thumb Code    64  retarget.o(i.sendchar)
    setup                                    0x000026b5   Thumb Code   242  general.o(i.setup)
    startGenerals                            0x00002831   Thumb Code    60  final.o(i.startGenerals)
    stopGenerals                             0x0000289d   Thumb Code    30  final.o(i.stopGenerals)
    testCases                                0x000028c5   Thumb Code   122  final.o(i.testCases)
    osRtxUserSVC                             0x000029cc   Data           4  rtx_lib.o(.constdata)
    osRtxConfig                              0x000029d0   Data         104  rtx_lib.o(.rodata)
    os_cb_sections                           0x00002a38   Data          56  rtx_lib.o(.rodata)
    Region$$Table$$Base                      0x00002a7c   Number         0  anon$$obj.o(Region$$Table)
    Region$$Table$$Limit                     0x00002a9c   Number         0  anon$$obj.o(Region$$Table)
    .bss.os.msgqueue.cb$$Base                0x10004840   Number         0  rtx_lib.o(.bss.os.msgqueue.cb)
    .bss.os.msgqueue.cb$$Limit               0x10004874   Number         0  rtx_lib.o(.bss.os.msgqueue.cb)
    .bss.os.thread.cb$$Base                  0x100048c4   Number         0  rtx_lib.o(.bss.os.thread.cb)
    .bss.os.thread.cb$$Limit                 0x1000494c   Number         0  rtx_lib.o(.bss.os.thread.cb)
    uart_init_called                         0x10004b50   Data           1  retarget.o(.data)
    __stdout                                 0x10004b54   Data           4  retarget.o(.data)
    __stdin                                  0x10004b58   Data           4  retarget.o(.data)
    ITM_RxBuffer                             0x10004b5c   Data           4  uart.o(.data)
    UART0Status                              0x10004b60   Data           4  uart.o(.data)
    UART1Status                              0x10004b64   Data           4  uart.o(.data)
    UART0TxEmpty                             0x10004b68   Data           1  uart.o(.data)
    UART1TxEmpty                             0x10004b69   Data           1  uart.o(.data)
    UART0Count                               0x10004b6c   Data           4  uart.o(.data)
    UART1Count                               0x10004b70   Data           4  uart.o(.data)
    RcvLock0                                 0x10004b74   Data           1  uart.o(.data)
    SndLock0                                 0x10004b75   Data           1  uart.o(.data)
    RcvLock1                                 0x10004b76   Data           1  uart.o(.data)
    SndLock1                                 0x10004b77   Data           1  uart.o(.data)
    i                                        0x10004b78   Data           4  uart.o(.data)
    loyal0                                   0x10004b7c   Data           3  final.o(.data)
    loyal1                                   0x10004b7f   Data           3  final.o(.data)
    loyal2                                   0x10004b82   Data           3  final.o(.data)
    loyal3                                   0x10004b85   Data           4  final.o(.data)
    loyal4                                   0x10004b89   Data           4  final.o(.data)
    loyal5                                   0x10004b8d   Data           7  final.o(.data)
    tests                                    0x10004b94   Data          72  final.o(.data)
    ids                                      0x10004bdc   Data           7  final.o(.data)
    nGeneral                                 0x10004be3   Data           1  final.o(.data)
    nGens                                    0x10004be4   Data           1  general.o(.data)
    loyalGens                                0x10004be8   Data           4  general.o(.data)
    reporterGen                              0x10004bec   Data           1  general.o(.data)
    senderGen                                0x10004bed   Data           1  general.o(.data)
    omLevels                                 0x10004bee   Data           1  general.o(.data)
    origLevels                               0x10004bef   Data           1  general.o(.data)
    startSema                                0x10004bf0   Data           4  general.o(.data)
    endSema                                  0x10004bf4   Data           4  general.o(.data)
    printMutex                               0x10004bf8   Data           4  general.o(.data)
    omMutex                                  0x10004bfc   Data           4  general.o(.data)
    generalsMutex                            0x10004c00   Data           4  general.o(.data)
    visited                                  0x10004c04   Data           4  general.o(.data)
    baseMsg                                  0x10004c08   Data           4  general.o(.data)
    SystemCoreClock                          0x10004c0c   Data           4  system_lpc17xx.o(.data)
    __microlib_freelist                      0x10004c10   Data           4  mvars.o(.data)
    __microlib_freelist_initialised          0x10004c14   Data           4  mvars.o(.data)
    osRtxInfo                                0x10004c18   Data         164  rtx_kernel.o(.data.os)
    UART0Buffer                              0x10004cbc   Data          64  uart.o(.bss)
    UART1Buffer                              0x10004cfc   Data          64  uart.o(.bss)
    generals                                 0x10004d3c   Data          28  final.o(.bss)
    __heap_base                              0x10004d60   Data           0  startup_lpc17xx.o(HEAP)
    __heap_limit                             0x10006d60   Data           0  startup_lpc17xx.o(HEAP)
    __initial_sp                             0x1000ed60   Data           0  startup_lpc17xx.o(STACK)



==============================================================================

Memory Map of the image

  Image Entry point : 0x000000e1

  Load Region LR_1 (Base: 0x00000000, Size: 0x00007758, Max: 0xffffffff, ABSOLUTE, COMPRESSED[0x00002b88])

    Execution Region ER_RO (Exec base: 0x00000000, Load base: 0x00000000, Size: 0x00002a9c, Max: 0xffffffff, ABSOLUTE)

    Exec Addr    Load Addr    Size         Type   Attr      Idx    E Section Name        Object

    0x00000000   0x00000000   0x000000cc   Data   RO          387    RESET               startup_lpc17xx.o
    0x000000cc   0x000000cc   0x00000000   Code   RO          920  * .ARM.Collect$$$$00000000  mc_w.l(entry.o)
    0x000000cc   0x000000cc   0x00000004   Code   RO         1220    .ARM.Collect$$$$00000001  mc_w.l(entry2.o)
    0x000000d0   0x000000d0   0x00000004   Code   RO         1223    .ARM.Collect$$$$00000004  mc_w.l(entry5.o)
    0x000000d4   0x000000d4   0x00000000   Code   RO         1225    .ARM.Collect$$$$00000008  mc_w.l(entry7b.o)
    0x000000d4   0x000000d4   0x00000000   Code   RO         1227    .ARM.Collect$$$$0000000A  mc_w.l(entry8b.o)
    0x000000d4   0x000000d4   0x00000008   Code   RO         1228    .ARM.Collect$$$$0000000B  mc_w.l(entry9a.o)
    0x000000dc   0x000000dc   0x00000000   Code   RO         1230    .ARM.Collect$$$$0000000D  mc_w.l(entry10a.o)
    0x000000dc   0x000000dc   0x00000000   Code   RO         1232    .ARM.Collect$$$$0000000F  mc_w.l(entry11a.o)
    0x000000dc   0x000000dc   0x00000004   Code   RO         1221    .ARM.Collect$$$$00002712  mc_w.l(entry2.o)
    0x000000e0   0x000000e0   0x00000024   Code   RO          389  * .text               startup_lpc17xx.o
    0x00000104   0x00000104   0x00000094   Code   RO          707    .text               RTX_CM3.lib(irq_cm3.o)
    0x00000198   0x00000198   0x00000024   Code   RO          925    .text               mc_w.l(memcpya.o)
    0x000001bc   0x000001bc   0x00000024   Code   RO          927    .text               mc_w.l(memseta.o)
    0x000001e0   0x000001e0   0x0000002c   Code   RO         1234    .text               mc_w.l(uidiv.o)
    0x0000020c   0x0000020c   0x00000024   Code   RO         1253    .text               mc_w.l(init.o)
    0x00000230   0x00000230   0x00000056   Code   RO         1267    .text               mc_w.l(__dczerorl2.o)
    0x00000286   0x00000286   0x00000044   Code   RO          904    .text.MessageQueueGet  RTX_CM3.lib(rtx_msgqueue.o)
    0x000002ca   0x000002ca   0x0000001c   Code   RO          896    .text.MessageQueueRemove  RTX_CM3.lib(rtx_msgqueue.o)
    0x000002e6   0x000002e6   0x00000002   PAD
    0x000002e8   0x000002e8   0x0000000c   Code   RO          842    .text.OS_Tick_AcknowledgeIRQ  RTX_CM3.lib(os_systick.o)
    0x000002f4   0x000002f4   0x00000006   Code   RO          844    .text.OS_Tick_GetIRQn  RTX_CM3.lib(os_systick.o)
    0x000002fa   0x000002fa   0x00000002   Code   RO          439    .text.osRtxKernelPreInit  RTX_CM3.lib(rtx_kernel.o)
    0x000002fc   0x000002fc   0x00000004   Code   RO          388    .ARM.__at_0x02FC    startup_lpc17xx.o
    0x00000300   0x00000300   0x00000062   Code   RO          898    .text.MessageQueuePut  RTX_CM3.lib(rtx_msgqueue.o)
    0x00000362   0x00000362   0x00000002   PAD
    0x00000364   0x00000364   0x0000002c   Code   RO          838    .text.OS_Tick_Enable  RTX_CM3.lib(os_systick.o)
    0x00000390   0x00000390   0x00000040   Code   RO          836    .text.OS_Tick_Setup  RTX_CM3.lib(os_systick.o)
    0x000003d0   0x000003d0   0x0000006a   Code   RO          584    .text.ThreadFlagsCheck  RTX_CM3.lib(rtx_thread.o)
    0x0000043a   0x0000043a   0x00000002   PAD
    0x0000043c   0x0000043c   0x00000050   Code   RO          728    .text.TimerInsert   RTX_CM3.lib(rtx_timer.o)
    0x0000048c   0x0000048c   0x0000002c   Code   RO          441    .text.osKernelInitialize  RTX_CM3.lib(rtx_kernel.o)
    0x000004b8   0x000004b8   0x00000024   Code   RO          451    .text.osKernelStart  RTX_CM3.lib(rtx_kernel.o)
    0x000004dc   0x000004dc   0x0000006c   Code   RO          870    .text.osMessageQueueGet  RTX_CM3.lib(rtx_msgqueue.o)
    0x00000548   0x00000548   0x00000024   Code   RO          864    .text.osMessageQueueNew  RTX_CM3.lib(rtx_msgqueue.o)
    0x0000056c   0x0000056c   0x00000078   Code   RO          868    .text.osMessageQueuePut  RTX_CM3.lib(rtx_msgqueue.o)
    0x000005e4   0x000005e4   0x00000024   Code   RO          643    .text.osMutexAcquire  RTX_CM3.lib(rtx_mutex.o)
    0x00000608   0x00000608   0x00000024   Code   RO          649    .text.osMutexDelete  RTX_CM3.lib(rtx_mutex.o)
    0x0000062c   0x0000062c   0x00000024   Code   RO          639    .text.osMutexNew    RTX_CM3.lib(rtx_mutex.o)
    0x00000650   0x00000650   0x00000024   Code   RO          645    .text.osMutexRelease  RTX_CM3.lib(rtx_mutex.o)
    0x00000674   0x00000674   0x00000080   Code   RO          755    .text.osRtxMemoryAlloc  RTX_CM3.lib(rtx_memory.o)
    0x000006f4   0x000006f4   0x00000052   Code   RO          757    .text.osRtxMemoryFree  RTX_CM3.lib(rtx_memory.o)
    0x00000746   0x00000746   0x00000036   Code   RO          753    .text.osRtxMemoryInit  RTX_CM3.lib(rtx_memory.o)
    0x0000077c   0x0000077c   0x0000003a   Code   RO          770    .text.osRtxMemoryPoolAlloc  RTX_CM3.lib(rtx_mempool.o)
    0x000007b6   0x000007b6   0x0000004a   Code   RO          772    .text.osRtxMemoryPoolFree  RTX_CM3.lib(rtx_mempool.o)
    0x00000800   0x00000800   0x00000046   Code   RO          768    .text.osRtxMemoryPoolInit  RTX_CM3.lib(rtx_mempool.o)
    0x00000846   0x00000846   0x000000ba   Code   RO          894    .text.osRtxMessageQueuePostProcess  RTX_CM3.lib(rtx_msgqueue.o)
    0x00000900   0x00000900   0x0000004a   Code   RO          637    .text.osRtxMutexOwnerRelease  RTX_CM3.lib(rtx_mutex.o)
    0x0000094a   0x0000094a   0x00000002   PAD
    0x0000094c   0x0000094c   0x00000090   Code   RO          823    .text.osRtxPendSV_Handler  RTX_CM3.lib(rtx_system.o)
    0x000009dc   0x000009dc   0x00000074   Code   RO          825    .text.osRtxPostProcess  RTX_CM3.lib(rtx_system.o)
    0x00000a50   0x00000a50   0x00000036   Code   RO          688    .text.osRtxSemaphorePostProcess  RTX_CM3.lib(rtx_semaphore.o)
    0x00000a86   0x00000a86   0x00000002   PAD
    0x00000a88   0x00000a88   0x00000038   Code   RO          524    .text.osRtxThreadBlock  RTX_CM3.lib(rtx_thread.o)
    0x00000ac0   0x00000ac0   0x00000088   Code   RO          532    .text.osRtxThreadDelayInsert  RTX_CM3.lib(rtx_thread.o)
    0x00000b48   0x00000b48   0x0000003c   Code   RO          528    .text.osRtxThreadDelayRemove  RTX_CM3.lib(rtx_thread.o)
    0x00000b84   0x00000b84   0x00000034   Code   RO          514    .text.osRtxThreadDelayTick  RTX_CM3.lib(rtx_thread.o)
    0x00000bb8   0x00000bb8   0x0000005c   Code   RO          522    .text.osRtxThreadDispatch  RTX_CM3.lib(rtx_thread.o)
    0x00000c14   0x00000c14   0x00000058   Code   RO          608    .text.osRtxThreadFree  RTX_CM3.lib(rtx_thread.o)
    0x00000c6c   0x00000c6c   0x00000014   Code   RO          506    .text.osRtxThreadListGet  RTX_CM3.lib(rtx_thread.o)
    0x00000c80   0x00000c80   0x0000002a   Code   RO          504    .text.osRtxThreadListPut  RTX_CM3.lib(rtx_thread.o)
    0x00000caa   0x00000caa   0x00000014   Code   RO          510    .text.osRtxThreadListRemove  RTX_CM3.lib(rtx_thread.o)
    0x00000cbe   0x00000cbe   0x00000028   Code   RO          508    .text.osRtxThreadListSort  RTX_CM3.lib(rtx_thread.o)
    0x00000ce6   0x00000ce6   0x0000002a   Code   RO          582    .text.osRtxThreadPostProcess  RTX_CM3.lib(rtx_thread.o)
    0x00000d10   0x00000d10   0x00000014   Code   RO          512    .text.osRtxThreadReadyPut  RTX_CM3.lib(rtx_thread.o)
    0x00000d24   0x00000d24   0x00000006   Code   RO          516    .text.osRtxThreadRegPtr  RTX_CM3.lib(rtx_thread.o)
    0x00000d2a   0x00000d2a   0x00000002   PAD
    0x00000d2c   0x00000d2c   0x00000028   Code   RO          520    .text.osRtxThreadStackCheck  RTX_CM3.lib(rtx_thread.o)
    0x00000d54   0x00000d54   0x00000040   Code   RO          534    .text.osRtxThreadStartup  RTX_CM3.lib(rtx_thread.o)
    0x00000d94   0x00000d94   0x00000010   Code   RO          518    .text.osRtxThreadSwitch  RTX_CM3.lib(rtx_thread.o)
    0x00000da4   0x00000da4   0x0000003c   Code   RO          530    .text.osRtxThreadWaitEnter  RTX_CM3.lib(rtx_thread.o)
    0x00000de0   0x00000de0   0x00000024   Code   RO          526    .text.osRtxThreadWaitExit  RTX_CM3.lib(rtx_thread.o)
    0x00000e04   0x00000e04   0x00000070   Code   RO          821    .text.osRtxTick_Handler  RTX_CM3.lib(rtx_system.o)
    0x00000e74   0x00000e74   0x0000003c   Code   RO          712    .text.osRtxTimerThread  RTX_CM3.lib(rtx_timer.o)
    0x00000eb0   0x00000eb0   0x00000058   Code   RO          714    .text.osRtxTimerTick  RTX_CM3.lib(rtx_timer.o)
    0x00000f08   0x00000f08   0x00000054   Code   RO          676    .text.osSemaphoreAcquire  RTX_CM3.lib(rtx_semaphore.o)
    0x00000f5c   0x00000f5c   0x00000024   Code   RO          684    .text.osSemaphoreDelete  RTX_CM3.lib(rtx_semaphore.o)
    0x00000f80   0x00000f80   0x00000030   Code   RO          680    .text.osSemaphoreGetCount  RTX_CM3.lib(rtx_semaphore.o)
    0x00000fb0   0x00000fb0   0x00000024   Code   RO          672    .text.osSemaphoreNew  RTX_CM3.lib(rtx_semaphore.o)
    0x00000fd4   0x00000fd4   0x00000064   Code   RO          678    .text.osSemaphoreRelease  RTX_CM3.lib(rtx_semaphore.o)
    0x00001038   0x00001038   0x0000000c   Code   RO          566    .text.osThreadExit  RTX_CM3.lib(rtx_thread.o)
    0x00001044   0x00001044   0x00000024   Code   RO          538    .text.osThreadNew   RTX_CM3.lib(rtx_thread.o)
    0x00001068   0x00001068   0x00000024   Code   RO          568    .text.osThreadTerminate  RTX_CM3.lib(rtx_thread.o)
    0x0000108c   0x0000108c   0x00000154   Code   RO          479    .text.svcRtxKernelInitialize  RTX_CM3.lib(rtx_kernel.o)
    0x000011e0   0x000011e0   0x00000088   Code   RO          481    .text.svcRtxKernelStart  RTX_CM3.lib(rtx_kernel.o)
    0x00001268   0x00001268   0x000000e0   Code   RO          906    .text.svcRtxMessageQueueGet  RTX_CM3.lib(rtx_msgqueue.o)
    0x00001348   0x00001348   0x00000134   Code   RO          892    .text.svcRtxMessageQueueNew  RTX_CM3.lib(rtx_msgqueue.o)
    0x0000147c   0x0000147c   0x000000c0   Code   RO          902    .text.svcRtxMessageQueuePut  RTX_CM3.lib(rtx_msgqueue.o)
    0x0000153c   0x0000153c   0x00000090   Code   RO          655    .text.svcRtxMutexAcquire  RTX_CM3.lib(rtx_mutex.o)
    0x000015cc   0x000015cc   0x000000c4   Code   RO          661    .text.svcRtxMutexDelete  RTX_CM3.lib(rtx_mutex.o)
    0x00001690   0x00001690   0x0000006c   Code   RO          651    .text.svcRtxMutexNew  RTX_CM3.lib(rtx_mutex.o)
    0x000016fc   0x000016fc   0x000000b8   Code   RO          657    .text.svcRtxMutexRelease  RTX_CM3.lib(rtx_mutex.o)
    0x000017b4   0x000017b4   0x00000058   Code   RO          692    .text.svcRtxSemaphoreAcquire  RTX_CM3.lib(rtx_semaphore.o)
    0x0000180c   0x0000180c   0x00000060   Code   RO          696    .text.svcRtxSemaphoreDelete  RTX_CM3.lib(rtx_semaphore.o)
    0x0000186c   0x0000186c   0x00000010   Code   RO          682    .text.svcRtxSemaphoreGetCount  RTX_CM3.lib(rtx_semaphore.o)
    0x0000187c   0x0000187c   0x00000080   Code   RO          686    .text.svcRtxSemaphoreNew  RTX_CM3.lib(rtx_semaphore.o)
    0x000018fc   0x000018fc   0x00000054   Code   RO          694    .text.svcRtxSemaphoreRelease  RTX_CM3.lib(rtx_semaphore.o)
    0x00001950   0x00001950   0x00000070   Code   RO          612    .text.svcRtxThreadExit  RTX_CM3.lib(rtx_thread.o)
    0x000019c0   0x000019c0   0x000001dc   Code   RO          536    .text.svcRtxThreadNew  RTX_CM3.lib(rtx_thread.o)
    0x00001b9c   0x00001b9c   0x000000c0   Code   RO          614    .text.svcRtxThreadTerminate  RTX_CM3.lib(rtx_thread.o)
    0x00001c5c   0x00001c5c   0x00000006   Code   RO           73    i.Free              uart.o
    0x00001c62   0x00001c62   0x00000002   PAD
    0x00001c64   0x00001c64   0x00000024   Code   RO           74    i.FreeRcv           uart.o
    0x00001c88   0x00001c88   0x00000024   Code   RO           75    i.FreeSnd           uart.o
    0x00001cac   0x00001cac   0x00000110   Code   RO          254    i.OM                general.o
    0x00001dbc   0x00001dbc   0x00000140   Code   RO          399    i.SystemInit        system_lpc17xx.o
    0x00001efc   0x00001efc   0x00000068   Code   RO           79    i.UART0_IRQHandler  uart.o
    0x00001f64   0x00001f64   0x00000070   Code   RO           80    i.UART1_IRQHandler  uart.o
    0x00001fd4   0x00001fd4   0x000000bc   Code   RO           81    i.UARTInit          uart.o
    0x00002090   0x00002090   0x00000024   Code   RO           85    i.UARTSendChar      uart.o
    0x000020b4   0x000020b4   0x00000020   Code   RO         1020    i.__0printf$3       mc_w.l(printf3.o)
    0x000020d4   0x000020d4   0x00000028   Code   RO         1022    i.__0sprintf$3      mc_w.l(printf3.o)
    0x000020fc   0x000020fc   0x00000022   Code   RO           86    i.__NVIC_EnableIRQ  uart.o
    0x0000211e   0x0000211e   0x0000000e   Code   RO         1261    i.__scatterload_copy  mc_w.l(handlers.o)
    0x0000212c   0x0000212c   0x00000002   Code   RO         1262    i.__scatterload_null  mc_w.l(handlers.o)
    0x0000212e   0x0000212e   0x0000000e   Code   RO         1263    i.__scatterload_zeroinit  mc_w.l(handlers.o)
    0x0000213c   0x0000213c   0x000001b8   Code   RO         1027    i._printf_core      mc_w.l(printf3.o)
    0x000022f4   0x000022f4   0x0000000a   Code   RO         1029    i._sputc            mc_w.l(printf3.o)
    0x000022fe   0x000022fe   0x00000002   PAD
    0x00002300   0x00002300   0x000000c0   Code   RO          255    i.broadcast         general.o
    0x000023c0   0x000023c0   0x000000a0   Code   RO          256    i.cleanup           general.o
    0x00002460   0x00002460   0x0000000e   Code   RO            5    i.fputc             retarget.o
    0x0000246e   0x0000246e   0x00000002   PAD
    0x00002470   0x00002470   0x00000050   Code   RO         1192    i.free              mc_w.l(malloc.o)
    0x000024c0   0x000024c0   0x0000008c   Code   RO          257    i.general           general.o
    0x0000254c   0x0000254c   0x00000048   Code   RO           87    i.getFrequency      uart.o
    0x00002594   0x00002594   0x0000001c   Code   RO          204    i.main              final.o
    0x000025b0   0x000025b0   0x0000006c   Code   RO         1193    i.malloc            mc_w.l(malloc.o)
    0x0000261c   0x0000261c   0x00000020   Code   RO          354    i.osRtxErrorNotify  rtx_config.o
    0x0000263c   0x0000263c   0x00000004   Code   RO          355    i.osRtxIdleThread   rtx_config.o
    0x00002640   0x00002640   0x00000030   Code   RO          258    i.replaceChar       general.o
    0x00002670   0x00002670   0x00000044   Code   RO            7    i.sendchar          retarget.o
    0x000026b4   0x000026b4   0x0000017c   Code   RO          259    i.setup             general.o
    0x00002830   0x00002830   0x0000006c   Code   RO          205    i.startGenerals     final.o
    0x0000289c   0x0000289c   0x00000028   Code   RO          206    i.stopGenerals      final.o
    0x000028c4   0x000028c4   0x000000a8   Code   RO          207    i.testCases         final.o
    0x0000296c   0x0000296c   0x00000064   Data   RO          314    .constdata          rtx_lib.o
    0x000029d0   0x000029d0   0x000000a0   Data   RO          316    .rodata             rtx_lib.o
    0x00002a70   0x00002a70   0x0000000b   Data   RO          493    .rodata.str1.4      RTX_CM3.lib(rtx_kernel.o)
    0x00002a7b   0x00002a7b   0x00000001   PAD
    0x00002a7c   0x00002a7c   0x00000020   Data   RO         1259    Region$$Table       anon$$obj.o


    Execution Region ER_RW (Exec base: 0x10000000, Load base: 0x00002a9c, Size: 0x00004cbc, Max: 0xffffffff, ABSOLUTE, COMPRESSED[0x000000ec])

    Exec Addr    Load Addr    Size         Type   Attr      Idx    E Section Name        Object

    0x10000000   COMPRESSED   0x00004840   Data   RW          309    .bss.os             rtx_lib.o
    0x10004840   COMPRESSED   0x00000034   Data   RW          310    .bss.os.msgqueue.cb  rtx_lib.o
    0x10004874   COMPRESSED   0x00000050   Data   RW          311    .bss.os.msgqueue.mem  rtx_lib.o
    0x100048c4   COMPRESSED   0x00000088   Data   RW          312    .bss.os.thread.cb   rtx_lib.o
    0x1000494c   COMPRESSED   0x00000004   PAD
    0x10004950   COMPRESSED   0x00000200   Data   RW          313    .bss.os.thread.stack  rtx_lib.o
    0x10004b50   COMPRESSED   0x0000000c   Data   RW            8    .data               retarget.o
    0x10004b5c   COMPRESSED   0x00000020   Data   RW           89    .data               uart.o
    0x10004b7c   COMPRESSED   0x00000068   Data   RW          209    .data               final.o
    0x10004be4   COMPRESSED   0x00000028   Data   RW          260    .data               general.o
    0x10004c0c   COMPRESSED   0x00000004   Data   RW          400    .data               system_lpc17xx.o
    0x10004c10   COMPRESSED   0x00000004   Data   RW         1240    .data               mc_w.l(mvars.o)
    0x10004c14   COMPRESSED   0x00000004   Data   RW         1241    .data               mc_w.l(mvars.o)
    0x10004c18   COMPRESSED   0x000000a4   Data   RW          494    .data.os            RTX_CM3.lib(rtx_kernel.o)


    Execution Region ER_ZI (Exec base: 0x10004cbc, Load base: 0x00002b88, Size: 0x0000a0a4, Max: 0xffffffff, ABSOLUTE)

    Exec Addr    Load Addr    Size         Type   Attr      Idx    E Section Name        Object

    0x10004cbc        -       0x00000080   Zero   RW           88    .bss                uart.o
    0x10004d3c        -       0x0000001c   Zero   RW          208    .bss                final.o
    0x10004d58        -       0x00000001   Zero   RW          854    .bss.PendST         RTX_CM3.lib(os_systick.o)
    0x10004d59   0x00002b88   0x00000007   PAD
    0x10004d60        -       0x00002000   Zero   RW          386    HEAP                startup_lpc17xx.o
    0x10006d60        -       0x00008000   Zero   RW          385    STACK               startup_lpc17xx.o


==============================================================================

Image component sizes


      Code (inc. data)   RO Data    RW Data    ZI Data      Debug   Object Name

       344        110          0        104         28       6778   final.o
      1192        340          0         40          0       4622   general.o
        82          4          0         12          0       7462   retarget.o
        36          6          0          0          0        949   rtx_config.o
         0          0        260      19276          0      12882   rtx_lib.o
        40         12        204          0      40960        988   startup_lpc17xx.o
       320         18          0          4          0        803   system_lpc17xx.o
       624         86          0         32        128      22735   uart.o

    ----------------------------------------------------------------------
      2642        576        496      19472      41116      57219   Object Totals
         0          0         32          0          0          0   (incl. Generated)
         4          0          0          4          0          0   (incl. Padding)

    ----------------------------------------------------------------------

      Code (inc. data)   RO Data    RW Data    ZI Data      Debug   Library Member Name

       148         10          0          0          0        484   irq_cm3.o
       126         32          0          0          1       3108   os_systick.o
       558         36         11        164          0      17132   rtx_kernel.o
       264          0          0          0          0       2403   rtx_memory.o
       202          0          0          0          0      16408   rtx_mempool.o
      1368         28          0          0          0      18781   rtx_msgqueue.o
       850         32          0          0          0       9465   rtx_mutex.o
       770         36          0          0          0      10965   rtx_semaphore.o
       372         26          0          0          0       5417   rtx_system.o
      1860        100          0          0          0      32225   rtx_thread.o
       228         20          0          0          0      10252   rtx_timer.o
        86          0          0          0          0          0   __dczerorl2.o
         0          0          0          0          0          0   entry.o
         0          0          0          0          0          0   entry10a.o
         0          0          0          0          0          0   entry11a.o
         8          4          0          0          0          0   entry2.o
         4          0          0          0          0          0   entry5.o
         0          0          0          0          0          0   entry7b.o
         0          0          0          0          0          0   entry8b.o
         8          4          0          0          0          0   entry9a.o
        30          0          0          0          0          0   handlers.o
        36          8          0          0          0         68   init.o
       188         20          0          0          0        160   malloc.o
        36          0          0          0          0         68   memcpya.o
        36          0          0          0          0        108   memseta.o
         0          0          0          8          0          0   mvars.o
       522         20          0          0          0        336   printf3.o
        44          0          0          0          0         80   uidiv.o

    ----------------------------------------------------------------------
      7758        376         12        172          8     127460   Library Totals
        14          0          1          0          7          0   (incl. Padding)

    ----------------------------------------------------------------------

      Code (inc. data)   RO Data    RW Data    ZI Data      Debug   Library Name

      6746        320         11        164          1     126640   RTX_CM3.lib
       998         56          0          8          0        820   mc_w.l

    ----------------------------------------------------------------------
      7758        376         12        172          8     127460   Library Totals

    ----------------------------------------------------------------------

==============================================================================


      Code (inc. data)   RO Data    RW Data    ZI Data      Debug   

     10400        952        508      19644      41124     183207   Grand Totals
     10400        952        508        236      41124     183207   ELF Image Totals (compressed)
     10400        952        508        236          0          0   ROM Totals

==============================================================================

    Total RO  Size (Code + RO Data)                10908 (  10.65kB)
    Total RW  Size (RW Data + ZI Data)             60768 (  59.34kB)
    Total ROM Size (Code + RO Data + RW Data)      11144 (  10.88kB)

==============================================================================

